1 0:00:00:00 Starting a new session
1 0:00:00:00 Loaded a total of 4 password hashes with no different salts
1 0:00:00:00 - Node numbers 1-4 of 4 (fork)
1 0:00:00:00 Command line: john --format=LM --wordlist=../all8.16part.aj --fork=4 --session=john_aj --pot=john_aj.pot win2003_service.txt 
1 0:00:00:00 - UTF-8 input encoding enabled
1 0:00:00:00 - Passwords will be stored UTF-8 encoded in .pot file
1 0:00:00:00 - Target encoding: CP850
1 0:00:00:00 - Rules/masks using CP850
1 0:00:00:00 - Hash type: LM (min-len 0, max-len 7, longer passwords split)
1 0:00:00:00 - Algorithm: DES 128/128 ASIMD
1 0:00:00:00 - Configured to use otherwise idle processor cycles only
1 0:00:00:00 - Candidate passwords will be buffered and tried in chunks of 128
1 0:00:00:00 Proceeding with wordlist mode
1 0:00:00:00 - Wordlist file: ../all8.16part.aj
1 0:00:00:00 - memory mapping wordlist (315090 bytes)
1 0:00:00:00 - No word mangling rules
1 0:00:00:00 - No stacked rules
1 0:00:00:00 - Will distribute words across nodes
1 0:00:00:00 Waiting for 3 children to terminate
3 0:00:00:00 Session completed
4 0:00:00:01 Session completed
2 0:00:00:04 Session completed
1 0:00:00:05 Session completed
