\BOOKMARK [1][-]{section*.2}{\376\377\000A\000b\000s\000t\000r\000a\000c\000t}{}% 1
\BOOKMARK [1][-]{section.1}{\376\377\000I\000n\000t\000r\000o\000d\000u\000c\000t\000i\000o\000n}{}% 2
\BOOKMARK [2][-]{subsection.1.1}{\376\377\000B\000a\000c\000k\000g\000r\000o\000u\000n\000d\000\040\000a\000n\000d\000\040\000M\000o\000t\000i\000v\000a\000t\000i\000o\000n}{section.1}% 3
\BOOKMARK [2][-]{subsection.1.2}{\376\377\000S\000e\000c\000u\000r\000i\000t\000y\000\040\000C\000h\000a\000l\000l\000e\000n\000g\000e\000s}{section.1}% 4
\BOOKMARK [2][-]{subsection.1.3}{\376\377\000R\000e\000s\000e\000a\000r\000c\000h\000\040\000O\000b\000j\000e\000c\000t\000i\000v\000e\000s}{section.1}% 5
\BOOKMARK [2][-]{subsection.1.4}{\376\377\000S\000c\000o\000p\000e\000\040\000a\000n\000d\000\040\000L\000i\000m\000i\000t\000a\000t\000i\000o\000n\000s}{section.1}% 6
\BOOKMARK [2][-]{subsection.1.5}{\376\377\000D\000o\000c\000u\000m\000e\000n\000t\000\040\000O\000r\000g\000a\000n\000i\000z\000a\000t\000i\000o\000n}{section.1}% 7
\BOOKMARK [1][-]{section.2}{\376\377\000M\000e\000t\000h\000o\000d\000s\000\040\000a\000n\000d\000\040\000T\000o\000o\000l\000s}{}% 8
\BOOKMARK [2][-]{subsection.2.1}{\376\377\000E\000x\000p\000e\000r\000i\000m\000e\000n\000t\000a\000l\000\040\000E\000n\000v\000i\000r\000o\000n\000m\000e\000n\000t}{section.2}% 9
\BOOKMARK [3][-]{subsubsection.2.1.1}{\376\377\000H\000a\000r\000d\000w\000a\000r\000e\000\040\000a\000n\000d\000\040\000P\000l\000a\000t\000f\000o\000r\000m}{subsection.2.1}% 10
\BOOKMARK [3][-]{subsubsection.2.1.2}{\376\377\000S\000o\000f\000t\000w\000a\000r\000e\000\040\000E\000n\000v\000i\000r\000o\000n\000m\000e\000n\000t}{subsection.2.1}% 11
\BOOKMARK [2][-]{subsection.2.2}{\376\377\000S\000e\000c\000u\000r\000i\000t\000y\000\040\000T\000o\000o\000l\000s\000\040\000a\000n\000d\000\040\000F\000r\000a\000m\000e\000w\000o\000r\000k\000s}{section.2}% 12
\BOOKMARK [3][-]{subsubsection.2.2.1}{\376\377\000P\000a\000s\000s\000w\000o\000r\000d\000\040\000H\000a\000s\000h\000\040\000C\000r\000a\000c\000k\000i\000n\000g\000\040\000T\000o\000o\000l\000s}{subsection.2.2}% 13
\BOOKMARK [3][-]{subsubsection.2.2.2}{\376\377\000S\000u\000p\000p\000o\000r\000t\000i\000n\000g\000\040\000T\000o\000o\000l\000s}{subsection.2.2}% 14
\BOOKMARK [2][-]{subsection.2.3}{\376\377\000M\000e\000t\000h\000o\000d\000o\000l\000o\000g\000i\000c\000a\000l\000\040\000A\000p\000p\000r\000o\000a\000c\000h}{section.2}% 15
\BOOKMARK [3][-]{subsubsection.2.3.1}{\376\377\000S\000t\000r\000a\000t\000e\000g\000i\000c\000\040\000S\000e\000c\000u\000r\000i\000t\000y\000\040\000A\000n\000a\000l\000y\000s\000i\000s}{subsection.2.3}% 16
\BOOKMARK [3][-]{subsubsection.2.3.2}{\376\377\000A\000t\000t\000a\000c\000k\000\040\000P\000h\000a\000s\000e\000s}{subsection.2.3}% 17
\BOOKMARK [2][-]{subsection.2.4}{\376\377\000D\000a\000t\000a\000\040\000C\000o\000l\000l\000e\000c\000t\000i\000o\000n\000\040\000a\000n\000d\000\040\000A\000n\000a\000l\000y\000s\000i\000s}{section.2}% 18
\BOOKMARK [1][-]{section.3}{\376\377\000R\000e\000s\000u\000l\000t\000s\000\040\000b\000y\000\040\000T\000a\000s\000k}{}% 19
\BOOKMARK [2][-]{subsection.3.1}{\376\377\000T\000a\000s\000k\000\040\0003\000.\0007\000.\0001\000:\000\040\000O\000f\000f\000l\000i\000n\000e\000\040\000D\000i\000c\000t\000i\000o\000n\000a\000r\000y\000\040\000A\000t\000t\000a\000c\000k\000s}{section.3}% 20
\BOOKMARK [3][-]{subsubsection.3.1.1}{\376\377\000T\000a\000s\000k\000\040\0003\000.\0007\000.\0001\000.\0000\000:\000\040\000P\000V\000D\000\040\000F\000i\000l\000e\000\040\000S\000t\000u\000d\000y\000\040\000\050\0001\0000\000\040\000p\000o\000i\000n\000t\000s\000\051}{subsection.3.1}% 21
\BOOKMARK [3][-]{subsubsection.3.1.2}{\376\377\000T\000a\000s\000k\000\040\0003\000.\0007\000.\0001\000.\0001\000:\000\040\000T\000o\000o\000l\000\040\000S\000t\000u\000d\000y\000\040\000\050\0005\000\040\000p\000o\000i\000n\000t\000s\000\051}{subsection.3.1}% 22
\BOOKMARK [3][-]{subsubsection.3.1.3}{\376\377\000T\000a\000s\000k\000\040\0003\000.\0007\000.\0001\000.\0002\000:\000\040\000W\000i\000n\000d\000o\000w\000s\000\040\0007\000\040\000P\000a\000s\000s\000w\000o\000r\000d\000\040\000C\000r\000a\000c\000k\000i\000n\000g\000\040\000\050\0001\0000\000\040\000p\000o\000i\000n\000t\000s\000\051}{subsection.3.1}% 23
\BOOKMARK [3][-]{subsubsection.3.1.4}{\376\377\000T\000a\000s\000k\000\040\0003\000.\0007\000.\0001\000.\0003\000:\000\040\000W\000i\000n\000d\000o\000w\000s\000\040\0002\0000\0000\0003\000\040\000P\000a\000s\000s\000w\000o\000r\000d\000\040\000C\000r\000a\000c\000k\000i\000n\000g\000\040\000\050\0001\0000\000\040\000p\000o\000i\000n\000t\000s\000\051}{subsection.3.1}% 24
\BOOKMARK [3][-]{subsubsection.3.1.5}{\376\377\000T\000a\000s\000k\000\040\0003\000.\0007\000.\0001\000.\0004\000:\000\040\000L\000i\000n\000u\000x\000\040\000P\000a\000s\000s\000w\000o\000r\000d\000\040\000C\000r\000a\000c\000k\000i\000n\000g\000\040\000\050\0001\0000\000\040\000p\000o\000i\000n\000t\000s\000\051}{subsection.3.1}% 25
\BOOKMARK [3][-]{subsubsection.3.1.6}{\376\377\000T\000a\000s\000k\000\040\0003\000.\0007\000.\0001\000.\0005\000:\000\040\000C\000o\000m\000p\000a\000r\000i\000s\000o\000n\000\040\000A\000n\000a\000l\000y\000s\000i\000s\000\040\000\050\0005\000\040\000p\000o\000i\000n\000t\000s\000\051}{subsection.3.1}% 26
\BOOKMARK [2][-]{subsection.3.2}{\376\377\000T\000a\000s\000k\000\040\0003\000.\0007\000.\0002\000:\000\040\000O\000n\000l\000i\000n\000e\000\040\000P\000a\000s\000s\000w\000o\000r\000d\000\040\000G\000u\000e\000s\000s\000i\000n\000g\000\040\000\050\0001\0005\000\040\000p\000o\000i\000n\000t\000s\000\051}{section.3}% 27
\BOOKMARK [3][-]{subsubsection.3.2.1}{\376\377\000T\000a\000s\000k\000\040\0003\000.\0007\000.\0002\000.\0001\000:\000\040\000H\000T\000M\000L\000\040\000F\000o\000r\000m\000\040\000A\000u\000t\000h\000e\000n\000t\000i\000c\000a\000t\000i\000o\000n\000\040\000\050\0005\000\040\000p\000o\000i\000n\000t\000s\000\051}{subsection.3.2}% 28
\BOOKMARK [2][-]{subsection.3.3}{\376\377\000T\000a\000s\000k\000\040\0003\000.\0007\000.\0003\000:\000\040\000T\000o\000k\000e\000n\000-\000b\000a\000s\000e\000d\000\040\000A\000u\000t\000h\000e\000n\000t\000i\000c\000a\000t\000i\000o\000n\000\040\000\050\0001\0000\000\040\000p\000o\000i\000n\000t\000s\000\051}{section.3}% 31
\BOOKMARK [3][-]{subsubsection.3.3.1}{\376\377\000R\000S\000A\000\040\000P\000u\000b\000l\000i\000c\000\040\000K\000e\000y\000\040\000A\000n\000a\000l\000y\000s\000i\000s\000\040\000\050\0002\000\040\000p\000o\000i\000n\000t\000s\000\051}{subsection.3.3}% 32
\BOOKMARK [3][-]{subsubsection.3.3.2}{\376\377\000R\000S\000A\000\040\000P\000r\000i\000v\000a\000t\000e\000\040\000K\000e\000y\000\040\000A\000n\000a\000l\000y\000s\000i\000s\000\040\000\050\0005\000\040\000p\000o\000i\000n\000t\000s\000\051}{subsection.3.3}% 33
\BOOKMARK [3][-]{subsubsection.3.3.3}{\376\377\000C\000e\000r\000t\000i\000f\000i\000c\000a\000t\000e\000\040\000H\000o\000l\000d\000e\000r\000\040\000I\000d\000e\000n\000t\000i\000f\000i\000c\000a\000t\000i\000o\000n\000\040\000\050\0001\000\040\000p\000o\000i\000n\000t\000\051}{subsection.3.3}% 34
\BOOKMARK [2][-]{subsection.3.4}{\376\377\000T\000r\000a\000c\000e\000a\000b\000i\000l\000i\000t\000y\000\040\000M\000a\000t\000r\000i\000x}{section.3}% 35
\BOOKMARK [3][-]{subsubsection.3.2.2}{\376\377\000T\000a\000s\000k\000\040\0003\000.\0007\000.\0002\000.\0002\000:\000\040\000H\000T\000T\000P\000\040\000B\000a\000s\000i\000c\000\040\000A\000u\000t\000h\000e\000n\000t\000i\000c\000a\000t\000i\000o\000n\000\040\000\050\0005\000\040\000p\000o\000i\000n\000t\000s\000\051}{subsection.3.2}% 29
\BOOKMARK [3][-]{subsubsection.3.2.3}{\376\377\000T\000a\000s\000k\000\040\0003\000.\0007\000.\0002\000.\0003\000:\000\040\000H\000T\000T\000P\000\040\000D\000i\000g\000e\000s\000t\000\040\000A\000u\000t\000h\000e\000n\000t\000i\000c\000a\000t\000i\000o\000n\000\040\000\050\0005\000\040\000p\000o\000i\000n\000t\000s\000\051}{subsection.3.2}% 30
\BOOKMARK [1][-]{section.4}{\376\377\000D\000i\000s\000c\000u\000s\000s\000i\000o\000n}{}% 36
\BOOKMARK [2][-]{subsection.4.1}{\376\377\000C\000o\000m\000p\000a\000r\000a\000t\000i\000v\000e\000\040\000S\000e\000c\000u\000r\000i\000t\000y\000\040\000A\000n\000a\000l\000y\000s\000i\000s}{section.4}% 37
\BOOKMARK [3][-]{subsubsection.4.1.1}{\376\377\000P\000a\000s\000s\000w\000o\000r\000d\000\040\000H\000a\000s\000h\000\040\000S\000e\000c\000u\000r\000i\000t\000y\000\040\000E\000v\000o\000l\000u\000t\000i\000o\000n}{subsection.4.1}% 38
\BOOKMARK [2][-]{subsection.4.2}{\376\377\000A\000t\000t\000a\000c\000k\000\040\000V\000e\000c\000t\000o\000r\000\040\000A\000n\000a\000l\000y\000s\000i\000s}{section.4}% 39
\BOOKMARK [3][-]{subsubsection.4.2.1}{\376\377\000O\000f\000f\000l\000i\000n\000e\000\040\000D\000i\000c\000t\000i\000o\000n\000a\000r\000y\000\040\000A\000t\000t\000a\000c\000k\000s}{subsection.4.2}% 40
\BOOKMARK [3][-]{subsubsection.4.2.2}{\376\377\000O\000n\000l\000i\000n\000e\000\040\000P\000a\000s\000s\000w\000o\000r\000d\000\040\000G\000u\000e\000s\000s\000i\000n\000g}{subsection.4.2}% 41
\BOOKMARK [2][-]{subsection.4.3}{\376\377\000S\000t\000r\000a\000t\000e\000g\000i\000c\000\040\000S\000e\000c\000u\000r\000i\000t\000y\000\040\000I\000m\000p\000l\000i\000c\000a\000t\000i\000o\000n\000s}{section.4}% 42
\BOOKMARK [3][-]{subsubsection.4.3.1}{\376\377\000W\000e\000a\000k\000e\000s\000t\000\040\000L\000i\000n\000k\000\040\000P\000r\000i\000n\000c\000i\000p\000l\000e}{subsection.4.3}% 43
\BOOKMARK [3][-]{subsubsection.4.3.2}{\376\377\000A\000t\000t\000a\000c\000k\000\040\000E\000c\000o\000n\000o\000m\000i\000c\000s}{subsection.4.3}% 44
\BOOKMARK [2][-]{subsection.4.4}{\376\377\000D\000e\000f\000e\000n\000s\000i\000v\000e\000\040\000R\000e\000c\000o\000m\000m\000e\000n\000d\000a\000t\000i\000o\000n\000s}{section.4}% 45
\BOOKMARK [3][-]{subsubsection.4.4.1}{\376\377\000I\000m\000m\000e\000d\000i\000a\000t\000e\000\040\000A\000c\000t\000i\000o\000n\000s}{subsection.4.4}% 46
\BOOKMARK [3][-]{subsubsection.4.4.2}{\376\377\000L\000o\000n\000g\000-\000t\000e\000r\000m\000\040\000S\000t\000r\000a\000t\000e\000g\000y}{subsection.4.4}% 47
\BOOKMARK [2][-]{subsection.4.5}{\376\377\000L\000i\000m\000i\000t\000a\000t\000i\000o\000n\000s\000\040\000a\000n\000d\000\040\000F\000u\000t\000u\000r\000e\000\040\000W\000o\000r\000k}{section.4}% 48
\BOOKMARK [1][-]{section.5}{\376\377\000C\000o\000n\000c\000l\000u\000s\000i\000o\000n}{}% 49
\BOOKMARK [2][-]{subsection.5.1}{\376\377\000K\000e\000y\000\040\000F\000i\000n\000d\000i\000n\000g\000s}{section.5}% 50
\BOOKMARK [3][-]{subsubsection.5.1.1}{\376\377\000A\000u\000t\000h\000e\000n\000t\000i\000c\000a\000t\000i\000o\000n\000\040\000S\000y\000s\000t\000e\000m\000\040\000V\000u\000l\000n\000e\000r\000a\000b\000i\000l\000i\000t\000i\000e\000s}{subsection.5.1}% 51
\BOOKMARK [3][-]{subsubsection.5.1.2}{\376\377\000S\000t\000r\000a\000t\000e\000g\000i\000c\000\040\000S\000e\000c\000u\000r\000i\000t\000y\000\040\000I\000n\000s\000i\000g\000h\000t\000s}{subsection.5.1}% 52
\BOOKMARK [2][-]{subsection.5.2}{\376\377\000S\000e\000c\000u\000r\000i\000t\000y\000\040\000I\000m\000p\000l\000i\000c\000a\000t\000i\000o\000n\000s}{section.5}% 53
\BOOKMARK [3][-]{subsubsection.5.2.1}{\376\377\000I\000m\000m\000e\000d\000i\000a\000t\000e\000\040\000C\000o\000n\000c\000e\000r\000n\000s}{subsection.5.2}% 54
\BOOKMARK [3][-]{subsubsection.5.2.2}{\376\377\000L\000o\000n\000g\000-\000t\000e\000r\000m\000\040\000C\000o\000n\000s\000i\000d\000e\000r\000a\000t\000i\000o\000n\000s}{subsection.5.2}% 55
\BOOKMARK [2][-]{subsection.5.3}{\376\377\000P\000r\000a\000c\000t\000i\000c\000a\000l\000\040\000R\000e\000c\000o\000m\000m\000e\000n\000d\000a\000t\000i\000o\000n\000s}{section.5}% 56
\BOOKMARK [3][-]{subsubsection.5.3.1}{\376\377\000T\000e\000c\000h\000n\000i\000c\000a\000l\000\040\000C\000o\000n\000t\000r\000o\000l\000s}{subsection.5.3}% 57
\BOOKMARK [3][-]{subsubsection.5.3.2}{\376\377\000A\000d\000m\000i\000n\000i\000s\000t\000r\000a\000t\000i\000v\000e\000\040\000C\000o\000n\000t\000r\000o\000l\000s}{subsection.5.3}% 58
\BOOKMARK [2][-]{subsection.5.4}{\376\377\000E\000d\000u\000c\000a\000t\000i\000o\000n\000a\000l\000\040\000V\000a\000l\000u\000e}{section.5}% 59
\BOOKMARK [2][-]{subsection.5.5}{\376\377\000F\000u\000t\000u\000r\000e\000\040\000D\000i\000r\000e\000c\000t\000i\000o\000n\000s}{section.5}% 60
\BOOKMARK [1][-]{section.6}{\376\377\000E\000t\000h\000i\000c\000s\000\040\000a\000n\000d\000\040\000L\000i\000m\000i\000t\000a\000t\000i\000o\000n\000s}{}% 61
\BOOKMARK [2][-]{subsection.6.1}{\376\377\000E\000t\000h\000i\000c\000a\000l\000\040\000F\000r\000a\000m\000e\000w\000o\000r\000k}{section.6}% 62
\BOOKMARK [3][-]{subsubsection.6.1.1}{\376\377\000A\000u\000t\000h\000o\000r\000i\000z\000a\000t\000i\000o\000n\000\040\000a\000n\000d\000\040\000S\000c\000o\000p\000e}{subsection.6.1}% 63
\BOOKMARK [3][-]{subsubsection.6.1.2}{\376\377\000R\000e\000s\000p\000o\000n\000s\000i\000b\000l\000e\000\040\000D\000i\000s\000c\000l\000o\000s\000u\000r\000e}{subsection.6.1}% 64
\BOOKMARK [2][-]{subsection.6.2}{\376\377\000M\000e\000t\000h\000o\000d\000o\000l\000o\000g\000i\000c\000a\000l\000\040\000L\000i\000m\000i\000t\000a\000t\000i\000o\000n\000s}{section.6}% 65
\BOOKMARK [3][-]{subsubsection.6.2.1}{\376\377\000E\000n\000v\000i\000r\000o\000n\000m\000e\000n\000t\000a\000l\000\040\000C\000o\000n\000s\000t\000r\000a\000i\000n\000t\000s}{subsection.6.2}% 66
\BOOKMARK [3][-]{subsubsection.6.2.2}{\376\377\000S\000c\000o\000p\000e\000\040\000L\000i\000m\000i\000t\000a\000t\000i\000o\000n\000s}{subsection.6.2}% 67
\BOOKMARK [2][-]{subsection.6.3}{\376\377\000D\000a\000t\000a\000\040\000P\000r\000i\000v\000a\000c\000y\000\040\000a\000n\000d\000\040\000S\000e\000c\000u\000r\000i\000t\000y}{section.6}% 68
\BOOKMARK [3][-]{subsubsection.6.3.1}{\376\377\000I\000n\000f\000o\000r\000m\000a\000t\000i\000o\000n\000\040\000C\000l\000a\000s\000s\000i\000f\000i\000c\000a\000t\000i\000o\000n}{subsection.6.3}% 69
\BOOKMARK [3][-]{subsubsection.6.3.2}{\376\377\000D\000a\000t\000a\000\040\000R\000e\000t\000e\000n\000t\000i\000o\000n\000\040\000a\000n\000d\000\040\000D\000i\000s\000p\000o\000s\000a\000l}{subsection.6.3}% 70
\BOOKMARK [2][-]{subsection.6.4}{\376\377\000L\000e\000g\000a\000l\000\040\000a\000n\000d\000\040\000R\000e\000g\000u\000l\000a\000t\000o\000r\000y\000\040\000C\000o\000n\000s\000i\000d\000e\000r\000a\000t\000i\000o\000n\000s}{section.6}% 71
\BOOKMARK [3][-]{subsubsection.6.4.1}{\376\377\000C\000o\000m\000p\000l\000i\000a\000n\000c\000e\000\040\000F\000r\000a\000m\000e\000w\000o\000r\000k}{subsection.6.4}% 72
\BOOKMARK [3][-]{subsubsection.6.4.2}{\376\377\000R\000i\000s\000k\000\040\000M\000a\000n\000a\000g\000e\000m\000e\000n\000t}{subsection.6.4}% 73
\BOOKMARK [2][-]{subsection.6.5}{\376\377\000R\000e\000c\000o\000m\000m\000e\000n\000d\000a\000t\000i\000o\000n\000s\000\040\000f\000o\000r\000\040\000F\000u\000t\000u\000r\000e\000\040\000W\000o\000r\000k}{section.6}% 74
\BOOKMARK [1][-]{section.7}{\376\377\000R\000e\000f\000e\000r\000e\000n\000c\000e\000s}{}% 75
\BOOKMARK [1][-]{section*.38}{\376\377\000A\000p\000p\000e\000n\000d\000i\000x\000\040\000A\000\040\040\024\000\040\000E\000v\000i\000d\000e\000n\000c\000e\000\040\000a\000n\000d\000\040\000S\000c\000r\000e\000e\000n\000s\000h\000o\000t\000s}{}% 76
