This is pdfTeX, Version 3.141592653-2.6-1.40.22 (TeX Live 2021) (preloaded format=pdflatex 2022.3.27)  14 SEP 2025 14:14
entering extended mode
 \write18 enabled.
 %&-line parsing enabled.
**main.tex
(./main.tex
LaTeX2e <2020-10-01> patch level 4
L3 programming layer <2021-02-18>
(/usr/local/texlive/2021/texmf-dist/tex/latex/base/article.cls
Document Class: article 2020/04/10 v1.4m Standard LaTeX document class
(/usr/local/texlive/2021/texmf-dist/tex/latex/base/size10.clo
File: size10.clo 2020/04/10 v1.4m Standard LaTeX file (size option)
)
\c@part=\count179
\c@section=\count180
\c@subsection=\count181
\c@subsubsection=\count182
\c@paragraph=\count183
\c@subparagraph=\count184
\c@figure=\count185
\c@table=\count186
\abovecaptionskip=\skip47
\belowcaptionskip=\skip48
\bibindent=\dimen138
)
(/usr/local/texlive/2021/texmf-dist/tex/latex/geometry/geometry.sty
Package: geometry 2020/01/02 v5.9 Page Geometry

(/usr/local/texlive/2021/texmf-dist/tex/latex/graphics/keyval.sty
Package: keyval 2014/10/28 v1.15 key=value parser (DPC)
\KV@toks@=\toks15
)
(/usr/local/texlive/2021/texmf-dist/tex/generic/iftex/ifvtex.sty
Package: ifvtex 2019/10/25 v1.7 ifvtex legacy package. Use iftex instead.

(/usr/local/texlive/2021/texmf-dist/tex/generic/iftex/iftex.sty
Package: iftex 2020/03/06 v1.0d TeX engine tests
))
\Gm@cnth=\count187
\Gm@cntv=\count188
\c@Gm@tempcnt=\count189
\Gm@bindingoffset=\dimen139
\Gm@wd@mp=\dimen140
\Gm@odd@mp=\dimen141
\Gm@even@mp=\dimen142
\Gm@layoutwidth=\dimen143
\Gm@layoutheight=\dimen144
\Gm@layouthoffset=\dimen145
\Gm@layoutvoffset=\dimen146
\Gm@dimlist=\toks16
)
(/usr/local/texlive/2021/texmf-dist/tex/latex/graphics/graphicx.sty
Package: graphicx 2020/09/09 v1.2b Enhanced LaTeX Graphics (DPC,SPQR)

(/usr/local/texlive/2021/texmf-dist/tex/latex/graphics/graphics.sty
Package: graphics 2020/08/30 v1.4c Standard LaTeX Graphics (DPC,SPQR)

(/usr/local/texlive/2021/texmf-dist/tex/latex/graphics/trig.sty
Package: trig 2016/01/03 v1.10 sin cos tan (DPC)
)
(/usr/local/texlive/2021/texmf-dist/tex/latex/graphics-cfg/graphics.cfg
File: graphics.cfg 2016/06/04 v1.11 sample graphics configuration
)
Package graphics Info: Driver file: pdftex.def on input line 105.

(/usr/local/texlive/2021/texmf-dist/tex/latex/graphics-def/pdftex.def
File: pdftex.def 2020/10/05 v1.2a Graphics/color driver for pdftex
))
\Gin@req@height=\dimen147
\Gin@req@width=\dimen148
)
(/usr/local/texlive/2021/texmf-dist/tex/latex/booktabs/booktabs.sty
Package: booktabs 2020/01/12 v1.61803398 Publication quality tables
\heavyrulewidth=\dimen149
\lightrulewidth=\dimen150
\cmidrulewidth=\dimen151
\belowrulesep=\dimen152
\belowbottomsep=\dimen153
\aboverulesep=\dimen154
\abovetopsep=\dimen155
\cmidrulesep=\dimen156
\cmidrulekern=\dimen157
\defaultaddspace=\dimen158
\@cmidla=\count190
\@cmidlb=\count191
\@aboverulesep=\dimen159
\@belowrulesep=\dimen160
\@thisruleclass=\count192
\@lastruleclass=\count193
\@thisrulewidth=\dimen161
)
(/usr/local/texlive/2021/texmf-dist/tex/latex/tools/longtable.sty
Package: longtable 2020/01/07 v4.13 Multi-page Table package (DPC)
\LTleft=\skip49
\LTright=\skip50
\LTpre=\skip51
\LTpost=\skip52
\LTchunksize=\count194
\LTcapwidth=\dimen162
\LT@head=\box47
\LT@firsthead=\box48
\LT@foot=\box49
\LT@lastfoot=\box50
\LT@cols=\count195
\LT@rows=\count196
\c@LT@tables=\count197
\c@LT@chunks=\count198
\LT@p@ftn=\toks17
)
(/usr/local/texlive/2021/texmf-dist/tex/latex/tools/tabularx.sty
Package: tabularx 2020/01/15 v2.11c `tabularx' package (DPC)

(/usr/local/texlive/2021/texmf-dist/tex/latex/tools/array.sty
Package: array 2020/10/01 v2.5c Tabular extension package (FMi)
\col@sep=\dimen163
\ar@mcellbox=\box51
\extrarowheight=\dimen164
\NC@list=\toks18
\extratabsurround=\skip53
\backup@length=\skip54
\ar@cellbox=\box52
)
\TX@col@width=\dimen165
\TX@old@table=\dimen166
\TX@old@col=\dimen167
\TX@target=\dimen168
\TX@delta=\dimen169
\TX@cols=\count199
\TX@ftn=\toks19
)
(/usr/local/texlive/2021/texmf-dist/tex/latex/float/float.sty
Package: float 2001/11/08 v1.3d Float enhancements (AL)
\c@float@type=\count266
\float@exts=\toks20
\float@box=\box53
\@float@everytoks=\toks21
\@floatcapt=\box54
)
(/usr/local/texlive/2021/texmf-dist/tex/latex/enumitem/enumitem.sty
Package: enumitem 2019/06/20 v3.9 Customized lists
\labelindent=\skip55
\enit@outerparindent=\dimen170
\enit@toks=\toks22
\enit@inbox=\box55
\enit@count@id=\count267
\enitdp@description=\count268
)
(/usr/local/texlive/2021/texmf-dist/tex/latex/caption/caption.sty
Package: caption 2020/10/26 v3.5g Customizing captions (AR)

(/usr/local/texlive/2021/texmf-dist/tex/latex/caption/caption3.sty
Package: caption3 2020/10/21 v2.2e caption3 kernel (AR)
\captionmargin=\dimen171
\captionmargin@=\dimen172
\captionwidth=\dimen173
\caption@tempdima=\dimen174
\caption@indent=\dimen175
\caption@parindent=\dimen176
\caption@hangindent=\dimen177
Package caption Info: Standard document class detected.
)
\c@caption@flags=\count269
\c@continuedfloat=\count270
Package caption Info: float package is loaded.
Package caption Info: longtable package is loaded.

(/usr/local/texlive/2021/texmf-dist/tex/latex/caption/ltcaption.sty
Package: ltcaption 2020/05/30 v1.4b longtable captions (AR)
))
(/usr/local/texlive/2021/texmf-dist/tex/latex/caption/subcaption.sty
Package: subcaption 2020/10/07 v1.3j Sub-captions (AR)
\c@subfigure=\count271
\c@subtable=\count272
)
(/usr/local/texlive/2021/texmf-dist/tex/latex/hyperref/hyperref.sty
Package: hyperref 2021-02-27 v7.00k Hypertext links for LaTeX

(/usr/local/texlive/2021/texmf-dist/tex/generic/ltxcmds/ltxcmds.sty
Package: ltxcmds 2020-05-10 v1.25 LaTeX kernel commands for general use (HO)
)
(/usr/local/texlive/2021/texmf-dist/tex/generic/pdftexcmds/pdftexcmds.sty
Package: pdftexcmds 2020-06-27 v0.33 Utility functions of pdfTeX for LuaTeX (HO
)

(/usr/local/texlive/2021/texmf-dist/tex/generic/infwarerr/infwarerr.sty
Package: infwarerr 2019/12/03 v1.5 Providing info/warning/error messages (HO)
)
Package pdftexcmds Info: \pdf@primitive is available.
Package pdftexcmds Info: \pdf@ifprimitive is available.
Package pdftexcmds Info: \pdfdraftmode found.
)
(/usr/local/texlive/2021/texmf-dist/tex/generic/kvsetkeys/kvsetkeys.sty
Package: kvsetkeys 2019/12/15 v1.18 Key value parser (HO)
)
(/usr/local/texlive/2021/texmf-dist/tex/generic/kvdefinekeys/kvdefinekeys.sty
Package: kvdefinekeys 2019-12-19 v1.6 Define keys (HO)
)
(/usr/local/texlive/2021/texmf-dist/tex/generic/pdfescape/pdfescape.sty
Package: pdfescape 2019/12/09 v1.15 Implements pdfTeX's escape features (HO)
)
(/usr/local/texlive/2021/texmf-dist/tex/latex/hycolor/hycolor.sty
Package: hycolor 2020-01-27 v1.10 Color options for hyperref/bookmark (HO)
)
(/usr/local/texlive/2021/texmf-dist/tex/latex/letltxmacro/letltxmacro.sty
Package: letltxmacro 2019/12/03 v1.6 Let assignment for LaTeX macros (HO)
)
(/usr/local/texlive/2021/texmf-dist/tex/latex/auxhook/auxhook.sty
Package: auxhook 2019-12-17 v1.6 Hooks for auxiliary files (HO)
)
(/usr/local/texlive/2021/texmf-dist/tex/latex/kvoptions/kvoptions.sty
Package: kvoptions 2020-10-07 v3.14 Key value format for package options (HO)
)
\@linkdim=\dimen178
\Hy@linkcounter=\count273
\Hy@pagecounter=\count274

(/usr/local/texlive/2021/texmf-dist/tex/latex/hyperref/pd1enc.def
File: pd1enc.def 2021-02-27 v7.00k Hyperref: PDFDocEncoding definition (HO)
Now handling font encoding PD1 ...
... no UTF-8 mapping file for font encoding PD1
)
(/usr/local/texlive/2021/texmf-dist/tex/latex/hyperref/hyperref-langpatches.def
File: hyperref-langpatches.def 2021-02-27 v7.00k Hyperref: patches for babel la
nguages
) (/usr/local/texlive/2021/texmf-dist/tex/generic/intcalc/intcalc.sty
Package: intcalc 2019/12/15 v1.3 Expandable calculations with integers (HO)
)
(/usr/local/texlive/2021/texmf-dist/tex/generic/etexcmds/etexcmds.sty
Package: etexcmds 2019/12/15 v1.7 Avoid name clashes with e-TeX commands (HO)
)
\Hy@SavedSpaceFactor=\count275

(/usr/local/texlive/2021/texmf-dist/tex/latex/hyperref/puenc.def
File: puenc.def 2021-02-27 v7.00k Hyperref: PDF Unicode definition (HO)
Now handling font encoding PU ...
... no UTF-8 mapping file for font encoding PU
)
Package hyperref Info: Hyper figures OFF on input line 4192.
Package hyperref Info: Link nesting OFF on input line 4197.
Package hyperref Info: Hyper index ON on input line 4200.
Package hyperref Info: Plain pages OFF on input line 4207.
Package hyperref Info: Backreferencing OFF on input line 4212.
Package hyperref Info: Implicit mode ON; LaTeX internals redefined.
Package hyperref Info: Bookmarks ON on input line 4445.
\c@Hy@tempcnt=\count276

(/usr/local/texlive/2021/texmf-dist/tex/latex/url/url.sty
\Urlmuskip=\muskip16
Package: url 2013/09/16  ver 3.4  Verb mode for urls, etc.
)
LaTeX Info: Redefining \url on input line 4804.
\XeTeXLinkMargin=\dimen179

(/usr/local/texlive/2021/texmf-dist/tex/generic/bitset/bitset.sty
Package: bitset 2019/12/09 v1.3 Handle bit-vector datatype (HO)

(/usr/local/texlive/2021/texmf-dist/tex/generic/bigintcalc/bigintcalc.sty
Package: bigintcalc 2019/12/15 v1.5 Expandable calculations on big integers (HO
)
))
\Fld@menulength=\count277
\Field@Width=\dimen180
\Fld@charsize=\dimen181
Package hyperref Info: Hyper figures OFF on input line 6075.
Package hyperref Info: Link nesting OFF on input line 6080.
Package hyperref Info: Hyper index ON on input line 6083.
Package hyperref Info: backreferencing OFF on input line 6090.
Package hyperref Info: Link coloring OFF on input line 6095.
Package hyperref Info: Link coloring with OCG OFF on input line 6100.
Package hyperref Info: PDF/A mode OFF on input line 6105.
LaTeX Info: Redefining \ref on input line 6145.
LaTeX Info: Redefining \pageref on input line 6149.

(/usr/local/texlive/2021/texmf-dist/tex/latex/base/atbegshi-ltx.sty
Package: atbegshi-ltx 2020/08/17 v1.0a Emulation of the original atbegshi packa
ge
with kernel methods
)
\Hy@abspage=\count278
\c@Item=\count279
\c@Hfootnote=\count280
)
Package hyperref Info: Driver (autodetected): hpdftex.

(/usr/local/texlive/2021/texmf-dist/tex/latex/hyperref/hpdftex.def
File: hpdftex.def 2021-02-27 v7.00k Hyperref driver for pdfTeX

(/usr/local/texlive/2021/texmf-dist/tex/latex/base/atveryend-ltx.sty
Package: atveryend-ltx 2020/08/19 v1.0a Emulation of the original atvery packag
e
with kernel methods
)
\Fld@listcount=\count281
\c@bookmark@seq@number=\count282

(/usr/local/texlive/2021/texmf-dist/tex/latex/rerunfilecheck/rerunfilecheck.sty
Package: rerunfilecheck 2019/12/05 v1.9 Rerun checks for auxiliary files (HO)

(/usr/local/texlive/2021/texmf-dist/tex/generic/uniquecounter/uniquecounter.sty
Package: uniquecounter 2019/12/15 v1.4 Provide unlimited unique counter (HO)
)
Package uniquecounter Info: New unique counter `rerunfilecheck' on input line 2
86.
)
\Hy@SectionHShift=\skip56
) (/usr/local/texlive/2021/texmf-dist/tex/latex/biblatex/biblatex.sty
Package: biblatex 2020/12/31 v3.16 programmable bibliographies (PK/MW)

(/usr/local/texlive/2021/texmf-dist/tex/latex/etoolbox/etoolbox.sty
Package: etoolbox 2020/10/05 v2.5k e-TeX tools for LaTeX (JAW)
\etb@tempcnta=\count283
)
(/usr/local/texlive/2021/texmf-dist/tex/latex/logreq/logreq.sty
Package: logreq 2010/08/04 v1.0 xml request logger
\lrq@indent=\count284

(/usr/local/texlive/2021/texmf-dist/tex/latex/logreq/logreq.def
File: logreq.def 2010/08/04 v1.0 logreq spec v1.0
))
(/usr/local/texlive/2021/texmf-dist/tex/latex/base/ifthen.sty
Package: ifthen 2014/09/29 v1.1c Standard LaTeX ifthen package (DPC)
)
\c@tabx@nest=\count285
\c@listtotal=\count286
\c@listcount=\count287
\c@liststart=\count288
\c@liststop=\count289
\c@citecount=\count290
\c@citetotal=\count291
\c@multicitecount=\count292
\c@multicitetotal=\count293
\c@instcount=\count294
\c@maxnames=\count295
\c@minnames=\count296
\c@maxitems=\count297
\c@minitems=\count298
\c@citecounter=\count299
\c@maxcitecounter=\count300
\c@savedcitecounter=\count301
\c@uniquelist=\count302
\c@uniquename=\count303
\c@refsection=\count304
\c@refsegment=\count305
\c@maxextratitle=\count306
\c@maxextratitleyear=\count307
\c@maxextraname=\count308
\c@maxextradate=\count309
\c@maxextraalpha=\count310
\c@abbrvpenalty=\count311
\c@highnamepenalty=\count312
\c@lownamepenalty=\count313
\c@maxparens=\count314
\c@parenlevel=\count315
\blx@tempcnta=\count316
\blx@tempcntb=\count317
\blx@tempcntc=\count318
\blx@maxsection=\count319
\blx@maxsegment@0=\count320
\blx@notetype=\count321
\blx@parenlevel@text=\count322
\blx@parenlevel@foot=\count323
\blx@sectionciteorder@0=\count324
\blx@entrysetcounter=\count325
\blx@biblioinstance=\count326
\labelnumberwidth=\skip57
\labelalphawidth=\skip58
\biblabelsep=\skip59
\bibitemsep=\skip60
\bibnamesep=\skip61
\bibinitsep=\skip62
\bibparsep=\skip63
\bibhang=\skip64
\blx@bcfin=\read2
\blx@bcfout=\write3
\blx@langwohyphens=\language87
\c@mincomprange=\count327
\c@maxcomprange=\count328
\c@mincompwidth=\count329
Package biblatex Info: Trying to load biblatex default data model...
Package biblatex Info: ... file 'blx-dm.def' found.

(/usr/local/texlive/2021/texmf-dist/tex/latex/biblatex/blx-dm.def
File: blx-dm.def 2020/12/31 v3.16 biblatex localization (PK/MW)
)
Package biblatex Info: Trying to load biblatex style data model...
Package biblatex Info: ... file 'apa.dbx' found.

(/usr/local/texlive/2021/texmf-dist/tex/latex/biblatex-apa/apa.dbx
File: apa.dbx 2020/08/28 v9.14 APA biblatex style data model
)
Package biblatex Info: Trying to load biblatex custom data model...
Package biblatex Info: ... file 'biblatex-dm.cfg' not found.
\c@afterword=\count330
\c@savedafterword=\count331
\c@annotator=\count332
\c@savedannotator=\count333
\c@author=\count334
\c@savedauthor=\count335
\c@bookauthor=\count336
\c@savedbookauthor=\count337
\c@commentator=\count338
\c@savedcommentator=\count339
\c@editor=\count340
\c@savededitor=\count341
\c@editora=\count342
\c@savededitora=\count343
\c@editorb=\count344
\c@savededitorb=\count345
\c@editorc=\count346
\c@savededitorc=\count347
\c@foreword=\count348
\c@savedforeword=\count349
\c@holder=\count350
\c@savedholder=\count351
\c@introduction=\count352
\c@savedintroduction=\count353
\c@namea=\count354
\c@savednamea=\count355
\c@nameb=\count356
\c@savednameb=\count357
\c@namec=\count358
\c@savednamec=\count359
\c@translator=\count360
\c@savedtranslator=\count361
\c@shortauthor=\count362
\c@savedshortauthor=\count363
\c@shorteditor=\count364
\c@savedshorteditor=\count365
\c@groupauthor=\count366
\c@savedgroupauthor=\count367
\c@narrator=\count368
\c@savednarrator=\count369
\c@execproducer=\count370
\c@savedexecproducer=\count371
\c@execdirector=\count372
\c@savedexecdirector=\count373
\c@with=\count374
\c@savedwith=\count375
\c@labelname=\count376
\c@savedlabelname=\count377
\c@institution=\count378
\c@savedinstitution=\count379
\c@lista=\count380
\c@savedlista=\count381
\c@listb=\count382
\c@savedlistb=\count383
\c@listc=\count384
\c@savedlistc=\count385
\c@listd=\count386
\c@savedlistd=\count387
\c@liste=\count388
\c@savedliste=\count389
\c@listf=\count390
\c@savedlistf=\count391
\c@location=\count392
\c@savedlocation=\count393
\c@organization=\count394
\c@savedorganization=\count395
\c@origlocation=\count396
\c@savedoriglocation=\count397
\c@origpublisher=\count398
\c@savedorigpublisher=\count399
\c@publisher=\count400
\c@savedpublisher=\count401
\c@language=\count402
\c@savedlanguage=\count403
\c@origlanguage=\count404
\c@savedoriglanguage=\count405
\c@citation=\count406
\c@savedcitation=\count407
\c@pageref=\count408
\c@savedpageref=\count409
\shorthandwidth=\skip65
\shortjournalwidth=\skip66
\shortserieswidth=\skip67
\shorttitlewidth=\skip68
\shortauthorwidth=\skip69
\shorteditorwidth=\skip70
\locallabelnumberwidth=\skip71
\locallabelalphawidth=\skip72
\localshorthandwidth=\skip73
\localshortjournalwidth=\skip74
\localshortserieswidth=\skip75
\localshorttitlewidth=\skip76
\localshortauthorwidth=\skip77
\localshorteditorwidth=\skip78
Package biblatex Info: Trying to load compatibility code...
Package biblatex Info: ... file 'blx-compat.def' found.

(/usr/local/texlive/2021/texmf-dist/tex/latex/biblatex/blx-compat.def
File: blx-compat.def 2020/12/31 v3.16 biblatex compatibility (PK/MW)
)
Package biblatex Info: Trying to load generic definitions...
Package biblatex Info: ... file 'biblatex.def' found.

(/usr/local/texlive/2021/texmf-dist/tex/latex/biblatex/biblatex.def
File: biblatex.def 2020/12/31 v3.16 biblatex compatibility (PK/MW)
\c@textcitecount=\count410
\c@textcitetotal=\count411
\c@textcitemaxnames=\count412
\c@biburlbigbreakpenalty=\count413
\c@biburlbreakpenalty=\count414
\c@biburlnumpenalty=\count415
\c@biburlucpenalty=\count416
\c@biburllcpenalty=\count417
\biburlbigskip=\muskip17
\biburlnumskip=\muskip18
\biburlucskip=\muskip19
\biburllcskip=\muskip20
\c@smartand=\count418
)
Package biblatex Info: Trying to load bibliography style 'apa'...
Package biblatex Info: ... file 'apa.bbx' found.

(/usr/local/texlive/2021/texmf-dist/tex/latex/biblatex-apa/apa.bbx
File: apa.bbx 2020/08/28 v9.14 APA biblatex references style
Package biblatex Info: Trying to load bibliography style 'standard'...
Package biblatex Info: ... file 'standard.bbx' found.

(/usr/local/texlive/2021/texmf-dist/tex/latex/biblatex/bbx/standard.bbx
File: standard.bbx 2020/12/31 v3.16 biblatex bibliography style (PK/MW)
\c@bbx:relatedcount=\count419
\c@bbx:relatedtotal=\count420
))
Package biblatex Info: Trying to load citation style 'apa'...
Package biblatex Info: ... file 'apa.cbx' found.

(/usr/local/texlive/2021/texmf-dist/tex/latex/biblatex-apa/apa.cbx
File: apa.cbx 2020/08/28 v9.14 APA biblatex citation style
Package biblatex Info: Delimiter 'nameyeardelim' in context '' already defined,
 overwriting.
Package biblatex Info: Delimiter 'nameyeardelim' in context 'textcite' already 
defined, overwriting.
Package biblatex Info: Delimiter 'andothersdelim' in context '' already defined
, overwriting.
Package biblatex Info: Redefining '\fullcite'.
Package biblatex Info: Redefining '\citeauthor'.
Package biblatex Info: Redefining '\citeyear'.
Package biblatex Info: Redefining '\cite'.
Package biblatex Info: Redefining '\cites'.
Package biblatex Info: Redefining '\parencite'.
Package biblatex Info: Redefining '\parencites'.
Package biblatex Info: Redefining '\footcite'.
Package biblatex Info: Redefining '\footcites'.
Package biblatex Info: Redefining '\footcitetext'.
Package biblatex Info: Redefining '\footcitetexts'.
Package biblatex Info: Redefining '\smartcite'.
Package biblatex Info: Redefining '\smartcites'.
Package biblatex Info: Redefining '\textcite'.
Package biblatex Info: Redefining '\textcites'.
)
Package biblatex Info: Trying to load configuration file...
Package biblatex Info: ... file 'biblatex.cfg' found.

(/usr/local/texlive/2021/texmf-dist/tex/latex/biblatex/biblatex.cfg
File: biblatex.cfg 
))
(/usr/local/texlive/2021/texmf-dist/tex/latex/minted/minted.sty
Package: minted 2017/07/19 v2.5 Yet another Pygments shim for LaTeX

(/usr/local/texlive/2021/texmf-dist/tex/latex/fvextra/fvextra.sty
Package: fvextra 2019/02/04 v1.4 fvextra - extensions and patches for fancyvrb

(/usr/local/texlive/2021/texmf-dist/tex/latex/fancyvrb/fancyvrb.sty
Package: fancyvrb 2021/01/20 v3.7 verbatim text (tvz,hv)
\FV@CodeLineNo=\count421
\FV@InFile=\read3
\FV@TabBox=\box56
\c@FancyVerbLine=\count422
\FV@StepNumber=\count423
\FV@OutFile=\write4
)
(/usr/local/texlive/2021/texmf-dist/tex/latex/upquote/upquote.sty
Package: upquote 2012/04/19 v1.3 upright-quote and grave-accent glyphs in verba
tim
)
(/usr/local/texlive/2021/texmf-dist/tex/latex/lineno/lineno.sty
Package: lineno 2005/11/02 line numbers on paragraphs v4.41
\linenopenalty=\count424
\output=\toks23
\linenoprevgraf=\count425
\linenumbersep=\dimen182
\linenumberwidth=\dimen183
\c@linenumber=\count426
\c@pagewiselinenumber=\count427
\c@LN@truepage=\count428
\c@internallinenumber=\count429
\c@internallinenumbers=\count430
\quotelinenumbersep=\dimen184
\bframerule=\dimen185
\bframesep=\dimen186
\bframebox=\box57
LaTeX Info: Redefining \\ on input line 3056.
)
\c@FV@TrueTabGroupLevel=\count431
\c@FV@TrueTabCounter=\count432
\FV@TabBox@Group=\box58
\FV@TmpLength=\skip79
\c@FV@HighlightLinesStart=\count433
\c@FV@HighlightLinesStop=\count434
\FV@LoopCount=\count435
\FV@NCharsBox=\box59
\FV@BreakIndent=\dimen187
\FV@BreakIndentNChars=\count436
\FV@BreakSymbolSepLeft=\dimen188
\FV@BreakSymbolSepLeftNChars=\count437
\FV@BreakSymbolSepRight=\dimen189
\FV@BreakSymbolSepRightNChars=\count438
\FV@BreakSymbolIndentLeft=\dimen190
\FV@BreakSymbolIndentLeftNChars=\count439
\FV@BreakSymbolIndentRight=\dimen191
\FV@BreakSymbolIndentRightNChars=\count440
\c@FancyVerbLineBreakLast=\count441
\FV@LineBox=\box60
\FV@LineIndentBox=\box61
\FV@LineWidth=\dimen192
)
(/usr/local/texlive/2021/texmf-dist/tex/latex/tools/calc.sty
Package: calc 2017/05/25 v4.3 Infix arithmetic (KKT,FJ)
\calc@Acount=\count442
\calc@Bcount=\count443
\calc@Adimen=\dimen193
\calc@Bdimen=\dimen194
\calc@Askip=\skip80
\calc@Bskip=\skip81
LaTeX Info: Redefining \setlength on input line 80.
LaTeX Info: Redefining \addtolength on input line 81.
\calc@Ccount=\count444
\calc@Cskip=\skip82
)
(/usr/local/texlive/2021/texmf-dist/tex/latex/tools/shellesc.sty
Package: shellesc 2019/11/08 v1.0c unified shell escape interface for LaTeX
Package shellesc Info: Unrestricted shell escape enabled on input line 75.
)
(/usr/local/texlive/2021/texmf-dist/tex/latex/ifplatform/ifplatform.sty
Package: ifplatform 2017/10/13 v0.4a Testing for the operating system

(/usr/local/texlive/2021/texmf-dist/tex/generic/catchfile/catchfile.sty
Package: catchfile 2019/12/09 v1.8 Catch the contents of a file (HO)
)
(/usr/local/texlive/2021/texmf-dist/tex/generic/iftex/ifluatex.sty
Package: ifluatex 2019/10/25 v1.5 ifluatex legacy package. Use iftex instead.
)
runsystem(uname -s > "project3_report.w18")...executed.


(./project3_report.w18)
runsystem(rm -- "project3_report.w18")...executed.

)
(/usr/local/texlive/2021/texmf-dist/tex/generic/xstring/xstring.sty
(/usr/local/texlive/2021/texmf-dist/tex/generic/xstring/xstring.tex
\integerpart=\count445
\decimalpart=\count446
)
Package: xstring 2019/02/06 v1.83 String manipulations (CT)
)
(/usr/local/texlive/2021/texmf-dist/tex/latex/framed/framed.sty
Package: framed 2011/10/22 v 0.96: framed or shaded text with page breaks
\OuterFrameSep=\skip83
\fb@frw=\dimen195
\fb@frh=\dimen196
\FrameRule=\dimen197
\FrameSep=\dimen198
)
\minted@appexistsfile=\read4
\minted@bgbox=\box62
\minted@code=\write5
\c@minted@FancyVerbLineTemp=\count447
\c@minted@pygmentizecounter=\count448
\@float@every@listing=\toks24
\c@listing=\count449
)
runsystem(mkdir -p _minted-project3_report)...executed.

 (./macros.tex (/usr/local/texlive/2021/texmf-dist/tex/latex/xcolor/xcolor.sty
Package: xcolor 2016/05/11 v2.12 LaTeX color extensions (UK)

(/usr/local/texlive/2021/texmf-dist/tex/latex/graphics-cfg/color.cfg
File: color.cfg 2016/01/02 v1.6 sample color configuration
)
Package xcolor Info: Driver file: pdftex.def on input line 225.
Package xcolor Info: Model `cmy' substituted by `cmy0' on input line 1348.
Package xcolor Info: Model `hsb' substituted by `rgb' on input line 1352.
Package xcolor Info: Model `RGB' extended on input line 1364.
Package xcolor Info: Model `HTML' substituted by `rgb' on input line 1366.
Package xcolor Info: Model `Hsb' substituted by `hsb' on input line 1367.
Package xcolor Info: Model `tHsb' substituted by `hsb' on input line 1368.
Package xcolor Info: Model `HSB' substituted by `hsb' on input line 1369.
Package xcolor Info: Model `Gray' substituted by `gray' on input line 1370.
Package xcolor Info: Model `wave' substituted by `hsb' on input line 1371.
)
(/usr/local/texlive/2021/texmf-dist/tex/latex/mdframed/mdframed.sty
Package: mdframed 2013/07/01 1.9b: mdframed

(/usr/local/texlive/2021/texmf-dist/tex/latex/l3packages/xparse/xparse.sty
(/usr/local/texlive/2021/texmf-dist/tex/latex/l3kernel/expl3.sty
Package: expl3 2021-02-18 L3 programming layer (loader) 

(/usr/local/texlive/2021/texmf-dist/tex/latex/l3backend/l3backend-pdftex.def
File: l3backend-pdftex.def 2021-03-18 L3 backend support: PDF output (pdfTeX)
\l__color_backend_stack_int=\count450
\l__pdf_internal_box=\box63
))
(/usr/local/texlive/2021/texmf-dist/tex/latex/l3packages/xparse/xparse-2020-10-
01.sty
(/usr/local/texlive/2021/texmf-dist/tex/latex/l3packages/xparse/xparse-generic.
tex))) (/usr/local/texlive/2021/texmf-dist/tex/latex/zref/zref-abspage.sty
Package: zref-abspage 2020-07-03 v2.32 Module abspage for zref (HO)

(/usr/local/texlive/2021/texmf-dist/tex/latex/zref/zref-base.sty
Package: zref-base 2020-07-03 v2.32 Module base for zref (HO)
Package zref Info: New property list: main on input line 764.
Package zref Info: New property: default on input line 765.
Package zref Info: New property: page on input line 766.
)
\c@abspage=\count451
Package zref Info: New property: abspage on input line 66.
)
(/usr/local/texlive/2021/texmf-dist/tex/latex/needspace/needspace.sty
Package: needspace 2010/09/12 v1.3d reserve vertical space
)
\mdf@templength=\skip84
\c@mdf@globalstyle@cnt=\count452
\mdf@skipabove@length=\skip85
\mdf@skipbelow@length=\skip86
\mdf@leftmargin@length=\skip87
\mdf@rightmargin@length=\skip88
\mdf@innerleftmargin@length=\skip89
\mdf@innerrightmargin@length=\skip90
\mdf@innertopmargin@length=\skip91
\mdf@innerbottommargin@length=\skip92
\mdf@splittopskip@length=\skip93
\mdf@splitbottomskip@length=\skip94
\mdf@outermargin@length=\skip95
\mdf@innermargin@length=\skip96
\mdf@linewidth@length=\skip97
\mdf@innerlinewidth@length=\skip98
\mdf@middlelinewidth@length=\skip99
\mdf@outerlinewidth@length=\skip100
\mdf@roundcorner@length=\skip101
\mdf@footenotedistance@length=\skip102
\mdf@userdefinedwidth@length=\skip103
\mdf@needspace@length=\skip104
\mdf@frametitleaboveskip@length=\skip105
\mdf@frametitlebelowskip@length=\skip106
\mdf@frametitlerulewidth@length=\skip107
\mdf@frametitleleftmargin@length=\skip108
\mdf@frametitlerightmargin@length=\skip109
\mdf@shadowsize@length=\skip110
\mdf@extratopheight@length=\skip111
\mdf@subtitleabovelinewidth@length=\skip112
\mdf@subtitlebelowlinewidth@length=\skip113
\mdf@subtitleaboveskip@length=\skip114
\mdf@subtitlebelowskip@length=\skip115
\mdf@subtitleinneraboveskip@length=\skip116
\mdf@subtitleinnerbelowskip@length=\skip117
\mdf@subsubtitleabovelinewidth@length=\skip118
\mdf@subsubtitlebelowlinewidth@length=\skip119
\mdf@subsubtitleaboveskip@length=\skip120
\mdf@subsubtitlebelowskip@length=\skip121
\mdf@subsubtitleinneraboveskip@length=\skip122
\mdf@subsubtitleinnerbelowskip@length=\skip123

(/usr/local/texlive/2021/texmf-dist/tex/latex/mdframed/md-frame-0.mdf
File: md-frame-0.mdf 2013/07/01\ 1.9b: md-frame-0
)
\mdf@frametitlebox=\box64
\mdf@footnotebox=\box65
\mdf@splitbox@one=\box66
\mdf@splitbox@two=\box67
\mdf@splitbox@save=\box68
\mdfsplitboxwidth=\skip124
\mdfsplitboxtotalwidth=\skip125
\mdfsplitboxheight=\skip126
\mdfsplitboxdepth=\skip127
\mdfsplitboxtotalheight=\skip128
\mdfframetitleboxwidth=\skip129
\mdfframetitleboxtotalwidth=\skip130
\mdfframetitleboxheight=\skip131
\mdfframetitleboxdepth=\skip132
\mdfframetitleboxtotalheight=\skip133
\mdffootnoteboxwidth=\skip134
\mdffootnoteboxtotalwidth=\skip135
\mdffootnoteboxheight=\skip136
\mdffootnoteboxdepth=\skip137
\mdffootnoteboxtotalheight=\skip138
\mdftotallinewidth=\skip139
\mdfboundingboxwidth=\skip140
\mdfboundingboxtotalwidth=\skip141
\mdfboundingboxheight=\skip142
\mdfboundingboxdepth=\skip143
\mdfboundingboxtotalheight=\skip144
\mdf@freevspace@length=\skip145
\mdf@horizontalwidthofbox@length=\skip146
\mdf@verticalmarginwhole@length=\skip147
\mdf@horizontalspaceofbox=\skip148
\mdfsubtitleheight=\skip149
\mdfsubsubtitleheight=\skip150
\c@mdfcountframes=\count453

****** mdframed patching \endmdf@trivlist

****** -- success******

\mdf@envdepth=\count454
\c@mdf@env@i=\count455
\c@mdf@env@ii=\count456
\c@mdf@zref@counter=\count457
Package zref Info: New property: mdf@pagevalue on input line 895.
)
(/usr/local/texlive/2021/texmf-dist/tex/latex/colortbl/colortbl.sty
Package: colortbl 2020/01/04 v1.0e Color table columns (DPC)
\everycr=\toks25
\minrowclearance=\skip151
)
(/usr/local/texlive/2021/texmf-dist/tex/latex/titlesec/titlesec.sty
Package: titlesec 2019/10/16 v2.13 Sectioning titles
\ttl@box=\box69
\beforetitleunit=\skip152
\aftertitleunit=\skip153
\ttl@plus=\dimen199
\ttl@minus=\dimen256
\ttl@toksa=\toks26
\titlewidth=\dimen257
\titlewidthlast=\dimen258
\titlewidthfirst=\dimen259
))
Package hyperref Info: Option `colorlinks' set `true' on input line 23.
\@quotelevel=\count458
\@quotereset=\count459
runsystem(which pygmentize && touch project3_report.aex)...executed.

runsystem(rm project3_report.aex)...executed.


(./project3_report.aux)
\openout1 = `project3_report.aux'.

LaTeX Font Info:    Checking defaults for OML/cmm/m/it on input line 32.
LaTeX Font Info:    ... okay on input line 32.
LaTeX Font Info:    Checking defaults for OMS/cmsy/m/n on input line 32.
LaTeX Font Info:    ... okay on input line 32.
LaTeX Font Info:    Checking defaults for OT1/cmr/m/n on input line 32.
LaTeX Font Info:    ... okay on input line 32.
LaTeX Font Info:    Checking defaults for T1/cmr/m/n on input line 32.
LaTeX Font Info:    ... okay on input line 32.
LaTeX Font Info:    Checking defaults for TS1/cmr/m/n on input line 32.
LaTeX Font Info:    ... okay on input line 32.
LaTeX Font Info:    Checking defaults for OMX/cmex/m/n on input line 32.
LaTeX Font Info:    ... okay on input line 32.
LaTeX Font Info:    Checking defaults for U/cmr/m/n on input line 32.
LaTeX Font Info:    ... okay on input line 32.
LaTeX Font Info:    Checking defaults for PD1/pdf/m/n on input line 32.
LaTeX Font Info:    ... okay on input line 32.
LaTeX Font Info:    Checking defaults for PU/pdf/m/n on input line 32.
LaTeX Font Info:    ... okay on input line 32.

*geometry* driver: auto-detecting
*geometry* detected driver: pdftex
*geometry* verbose mode - [ preamble ] result:
* driver: pdftex
* paper: letterpaper
* layout: <same size as paper>
* layoutoffset:(h,v)=(0.0pt,0.0pt)
* modes: 
* h-part:(L,W,R)=(50.58878pt, 513.11745pt, 50.58878pt)
* v-part:(T,H,B)=(50.58878pt, 693.79243pt, 50.58878pt)
* \paperwidth=614.295pt
* \paperheight=794.96999pt
* \textwidth=513.11745pt
* \textheight=693.79243pt
* \oddsidemargin=-21.68121pt
* \evensidemargin=-21.68121pt
* \topmargin=-10.0pt
* \headheight=12.0pt
* \headsep=10.0pt
* \topskip=8.0pt
* \footskip=30.0pt
* \marginparwidth=65.0pt
* \marginparsep=11.0pt
* \columnsep=10.0pt
* \skip\footins=9.0pt plus 4.0pt minus 2.0pt
* \hoffset=0.0pt
* \voffset=0.0pt
* \mag=1000
* \@twocolumnfalse
* \@twosidefalse
* \@mparswitchfalse
* \@reversemarginfalse
* (1in=72.27pt=25.4mm, 1cm=28.453pt)

(/usr/local/texlive/2021/texmf-dist/tex/context/base/mkii/supp-pdf.mkii
[Loading MPS to PDF converter (version 2006.09.02).]
\scratchcounter=\count460
\scratchdimen=\dimen260
\scratchbox=\box70
\nofMPsegments=\count461
\nofMParguments=\count462
\everyMPshowfont=\toks27
\MPscratchCnt=\count463
\MPscratchDim=\dimen261
\MPnumerator=\count464
\makeMPintoPDFobject=\count465
\everyMPtoPDFconversion=\toks28
) (/usr/local/texlive/2021/texmf-dist/tex/latex/epstopdf-pkg/epstopdf-base.sty
Package: epstopdf-base 2020-01-24 v2.11 Base part for package epstopdf
Package epstopdf-base Info: Redefining graphics rule for `.eps' on input line 4
85.

(/usr/local/texlive/2021/texmf-dist/tex/latex/latexconfig/epstopdf-sys.cfg
File: epstopdf-sys.cfg 2010/07/13 v1.3 Configuration of (r)epstopdf for TeX Liv
e
))
Package caption Info: Begin \AtBeginDocument code.
Package caption Info: hyperref package is loaded.
Package caption Info: End \AtBeginDocument code.
Package hyperref Info: Link coloring ON on input line 32.

(/usr/local/texlive/2021/texmf-dist/tex/latex/hyperref/nameref.sty
Package: nameref 2021-04-02 v2.47 Cross-referencing by name of section

(/usr/local/texlive/2021/texmf-dist/tex/latex/refcount/refcount.sty
Package: refcount 2019/12/15 v3.6 Data extraction from label references (HO)
)
(/usr/local/texlive/2021/texmf-dist/tex/generic/gettitlestring/gettitlestring.s
ty
Package: gettitlestring 2019/12/15 v1.6 Cleanup title references (HO)
)
\c@section@level=\count466
)
LaTeX Info: Redefining \ref on input line 32.
LaTeX Info: Redefining \pageref on input line 32.
LaTeX Info: Redefining \nameref on input line 32.
 (./project3_report.out) (./project3_report.out)
\@outlinefile=\write6
\openout6 = `project3_report.out'.

Package biblatex Info: Trying to load language 'english' -> 'english-apa'...
Package biblatex Info: ... file 'english-apa.lbx' found.

(/usr/local/texlive/2021/texmf-dist/tex/latex/biblatex-apa/english-apa.lbx
File: english-apa.lbx 2020/08/28 v9.14 APA biblatex localisation
Package biblatex Info: Trying to load language 'english'...
Package biblatex Info: ... file 'english.lbx' found.

(/usr/local/texlive/2021/texmf-dist/tex/latex/biblatex/lbx/english.lbx
File: english.lbx 2020/12/31 v3.16 biblatex localization (PK/MW)
)
Package biblatex Info: Trying to load language 'american' -> 'american-apa'...
Package biblatex Info: ... file 'american-apa.lbx' found.

(/usr/local/texlive/2021/texmf-dist/tex/latex/biblatex-apa/american-apa.lbx
File: american-apa.lbx 2020/08/28 v9.14 APA biblatex localisation
Package biblatex Info: Trying to load language 'american'...
Package biblatex Info: ... file 'american.lbx' found.

(/usr/local/texlive/2021/texmf-dist/tex/latex/biblatex/lbx/american.lbx
File: american.lbx 2020/12/31 v3.16 biblatex localization (PK/MW)
Package biblatex Info: Trying to load language 'english'...
Package biblatex Info: ... file 'english.lbx' found.

(/usr/local/texlive/2021/texmf-dist/tex/latex/biblatex/lbx/english.lbx
File: english.lbx 2020/12/31 v3.16 biblatex localization (PK/MW)
))))
Package biblatex Info: Input encoding 'utf8' detected.
Package biblatex Info: Automatic encoding selection.
(biblatex)             Assuming data encoding 'utf8'.
Package biblatex Info: Document encoding is UTF8 ....
Package biblatex Info: ... and expl3
(biblatex)             2021-02-18 L3 programming layer (loader) 
(biblatex)             is new enough (at least 2020/04/06),
(biblatex)             setting 'casechanger=expl3'.

(/usr/local/texlive/2021/texmf-dist/tex/latex/biblatex/blx-case-expl3.sty
Package: blx-case-expl3 2020/12/31 v3.16 expl3 case changing code for biblatex
)
\openout3 = `project3_report.bcf'.

Package biblatex Info: Trying to load bibliographic data...
Package biblatex Info: ... file 'project3_report.bbl' found.

(./project3_report.bbl)
Package biblatex Info: Reference section=0 on input line 32.
Package biblatex Info: Reference segment=0 on input line 32.
LaTeX Font Info:    External font `cmex10' loaded for size
(Font)              <12> on input line 34.
LaTeX Font Info:    External font `cmex10' loaded for size
(Font)              <8> on input line 34.
LaTeX Font Info:    External font `cmex10' loaded for size
(Font)              <6> on input line 34.
 (./sections/pledge.tex
LaTeX Font Info:    External font `cmex10' loaded for size
(Font)              <7> on input line 10.
LaTeX Font Info:    External font `cmex10' loaded for size
(Font)              <5> on input line 10.
) (./project3_report.toc [1

{/usr/local/texlive/2021/texmf-var/fonts/map/pdftex/updmap/pdftex.map}])
\tf@toc=\write7
\openout7 = `project3_report.toc'.


(./sections/00_abstract.tex [2]) (./sections/01_intro.tex)
(./sections/02_methods.tex [3]) (./sections/03_results_by_task.tex [4]
LaTeX Font Info:    Trying to load font information for TS1+cmtt on input line 
18.

(/usr/local/texlive/2021/texmf-dist/tex/latex/base/ts1cmtt.fd
File: ts1cmtt.fd 2019/12/16 v2.5j Standard LaTeX font definitions
)
Underfull \hbox (badness 10000) in alignment at lines 66--66
[][][][][] 
 []

[5]
Package mdframed Info: Not enough space on this page on input line 71.

Overfull \hbox (4.69875pt too wide) in paragraph at lines 120--120
[]|\OT1/cmr/bx/n/10 Username|  
 []


Overfull \hbox (7.72513pt too wide) in paragraph at lines 120--120
[]|\OT1/cmr/bx/n/10 ASPNET*|  
 []


Overfull \hbox (1.22165pt too wide) in paragraph at lines 120--120
 []|\OT1/cmr/bx/n/10 BONUS|
 []


Overfull \hbox (8.04596pt too wide) in paragraph at lines 120--120
[]|\OT1/cmr/bx/n/10 System32*|  
 []


Overfull \hbox (1.22165pt too wide) in paragraph at lines 120--120
 []|\OT1/cmr/bx/n/10 BONUS|
 []


Overfull \hbox (1.22165pt too wide) in paragraph at lines 120--120
 []|\OT1/cmr/bx/n/10 BONUS|
 []


Underfull \hbox (badness 10000) in alignment at lines 120--120
[][][][][][] 
 []


Overfull \hbox (3.93434pt too wide) in paragraph at lines 160--160
 []|\OT1/cmr/bx/n/10 Rounds|
 []


Overfull \hbox (0.96523pt too wide) in paragraph at lines 160--160
 []|\OT1/cmr/bx/n/10 SUCCESS|
 []


Overfull \hbox (0.96523pt too wide) in paragraph at lines 160--160
 []|\OT1/cmr/bx/n/10 SUCCESS|
 []


Overfull \hbox (0.96523pt too wide) in paragraph at lines 160--160
 []|\OT1/cmr/bx/n/10 SUCCESS|
 []


Overfull \hbox (0.96523pt too wide) in paragraph at lines 160--160
 []|\OT1/cmr/bx/n/10 SUCCESS|
 []


Overfull \hbox (0.96523pt too wide) in paragraph at lines 160--160
 []|\OT1/cmr/bx/n/10 SUCCESS|
 []


Overfull \hbox (0.96523pt too wide) in paragraph at lines 160--160
 []|\OT1/cmr/bx/n/10 SUCCESS|
 []


Overfull \hbox (0.96523pt too wide) in paragraph at lines 160--160
 []|\OT1/cmr/bx/n/10 SUCCESS|
 []


Underfull \hbox (badness 10000) in alignment at lines 160--160
[][][][][][][] 
 []

[6]
Overfull \hbox (1.49965pt too wide) in paragraph at lines 201--201
[]|\OT1/cmr/bx/n/10 Cracked/Total|  
 []


Underfull \hbox (badness 10000) in alignment at lines 201--201
[][][][] 
 []

[7]
Overfull \hbox (9.50114pt too wide) in paragraph at lines 229--229
 []|\OT1/cmr/bx/n/10 SUCCESS|
 []


Overfull \hbox (9.50114pt too wide) in paragraph at lines 229--229
 []|\OT1/cmr/bx/n/10 SUCCESS|
 []


Overfull \hbox (9.50114pt too wide) in paragraph at lines 229--229
 []|\OT1/cmr/bx/n/10 SUCCESS|
 []


Underfull \hbox (badness 10000) in alignment at lines 229--229
[][][][][][] 
 []


Overfull \hbox (41.80292pt too wide) in paragraph at lines 283--283
[]|\OT1/cmtt/m/n/9 009ed0770fdb3f972c82ed25f669f703141c3c6e131d15c5...|  
 []


Overfull \hbox (41.80292pt too wide) in paragraph at lines 283--283
[]|\OT1/cmtt/m/n/9 11fc4ddf8fd6edc9eeb1e8c0b55372176ef2d10c7d18c027...|  
 []


Overfull \hbox (2.79826pt too wide) in paragraph at lines 283--283
[]|[]\OT1/cmr/bx/n/10 EXTRACTED[]|  
 []


Underfull \hbox (badness 10000) in alignment at lines 283--283
[][][] 
 []

[8]
Overfull \hbox (2817.64954pt too wide) in paragraph at lines 291--292
[]\OT1/cmr/bx/n/10 N = \OT1/cmtt/m/n/8 009ed0770fdb3f972c82ed25f669f703141c3c6e
131d15c5eba6b4d8296263d78232ccac2213d9835bf3bc62ef84f537925369eb0fc3ec10fa02b03
070e0c8e7a05fcce8d0e2e790e6baafffb38b50e1cd2d346a350f5ae2d955e62932109849054ed5
24fd52ed1e902eefdffc9c384c11f484fda55a826516c14459e9dafc02f815a54b0a1b64e3afde2
cf842161e853af0681219669715276f27bda1ce211defbf196af58bff2017647c18117fb03fbdd1
2ad19d40d5f83e766ae6313415fce40430caff5b7ec7cc8c5b31cee4af739c5e51529c088433d4d
b8e849bda3d93341f3fec688c0d07bc7324663d769e96aa7121372a6275bff297299876c7fad2dc
415b7b46029abbhc41b9522a97a88a8000a9ee43e745801f1f4c5d39a0d53fcda4cd4c8f0a72c2e
ffb7f58d479f220165001b091a0a257afc102fe16918f9855866deb40e3fdae3df73393d81fc05d
5a707cc5b4aa215195dd3966a8a980535db7c552d7f95f41cc7569076629292ffa7e696c7633794
6827de6084c509b29509e2dbb 
 []


Overfull \hbox (2772.5391pt too wide) in paragraph at lines 296--297
[]\OT1/cmr/bx/n/10 d = \OT1/cmtt/m/n/8 11fc4ddf8fd6edc9eeb1e8c0b55372176ef2d10c
7d18c027655ec92f36a2a60b6ab15f3524c65768c07c633ff8f0c4705fde15ecdd2558eed76b18b
14fe3b0c7aad1cbf40c1e697c97dbe23993d79b500cf94cf99839379458f214f3838c61d2b863c0
02c6a0a320dfec07b5b1727bfe13299e96577a173cead6d70f449e21426f5bc63340033c1210a3a
bb5140c3e9b89c30a08cb013c740c0e16af7ab2c76c04fa29b5855764eefe455dd755768261764b
894748946e9dc035a7349a23035a471f0aa52c2975aad7ba9fd5cab47b7c0a1979eac65b7c3b5b7
202aebbe266f77f427cd9ee85509f44dab131b60d6b8d2d819d0f590ec9bdbfb6c488dd75f8571c
d214de36ae16e5a669c32f432b1a9484b1b5568893ad66aa4f8391c767074dded4f7552662bdc49
2ba8232eb12d4e62ddb73dc979bbbe2110e9c7c8702544751e0172d7ca3949a8b1e4368f8057741
71db514046936a6ced5d76b65680bfbb4ef63c9bae1e1e6b722f302b99cb6ccad28a3899f771936
326bc2c1031d2a1 
 []

(./tables/t_traceability.tex)) (./sections/04_discussion.tex [9])
(./sections/05_conclusion.tex [10]) (./sections/06_ethics_limitations.tex
[11] [12]) [13] (./sections/A0_appendix_index.tex
Overfull \hbox (21.99881pt too wide) in paragraph at lines 11--11
[]|\OT1/cmr/m/n/9 01[]john[]ripper[]cracked[]passwords[]summary.png| 
 []


Underfull \hbox (badness 10000) in paragraph at lines 11--12
[]|\OT1/cmtt/m/n/9 fig:A-task1-tool-comparison
 []

! Extra alignment tab has been changed to \cr.
<template> ...egin \relax \d@llarend \endtemplate 
                                                  
l.12 ...\_brute\_force\_attack\_in\_progress.png &
                                                   \texttt{fig:A-misc-02-hyd...
You have given more \span or & marks than there were
in the preamble to the \halign or \valign now in progress.
So I'll assume that you meant to type \cr instead.


Overfull \hbox (89.15546pt too wide) in paragraph at lines 12--13
[]|\OT1/cmtt/m/n/9 fig:A-misc-02-hydra-http-brute-force-attack-in-progress
 []


Overfull \hbox (8.31154pt too wide) in paragraph at lines 12--13
\OT1/cmr/m/n/9 03[]curl[]http[]auth[]testing[]success[]failure.png| 
 []


Overfull \hbox (18.0751pt too wide) in paragraph at lines 13--14
[]|\OT1/cmtt/m/n/9 fig:A-misc-03-curl-http-auth-testing-success-failure
 []

! Extra alignment tab has been changed to \cr.
<template> ...egin \relax \d@llarend \endtemplate 
                                                  
l.14 ...uccessful\_password\_iloveyou\_found.png &
                                                   \texttt{fig:A-misc-04-hyd...
You have given more \span or & marks than there were
in the preamble to the \halign or \valign now in progress.
So I'll assume that you meant to type \cr instead.


Overfull \hbox (84.43051pt too wide) in paragraph at lines 14--15
[]|\OT1/cmtt/m/n/9 fig:A-misc-04-hydra-successful-password-iloveyou-found
 []


Overfull \hbox (11.44624pt too wide) in paragraph at lines 14--15
\OT1/cmr/m/n/9 05[]john[]ripper[]smith[]phase2c[]session[]log.png| 
 []


Overfull \hbox (13.35016pt too wide) in paragraph at lines 15--16
[]|\OT1/cmtt/m/n/9 fig:A-misc-05-john-ripper-smith-phase2c-session-log
 []

! Extra alignment tab has been changed to \cr.
<template> ...egin \relax \d@llarend \endtemplate 
                                                  
l.16 06\_linux\_passwd\_file\_contents.png &
                                             \texttt{fig:A-task0-pvd-analysi...
You have given more \span or & marks than there were
in the preamble to the \halign or \valign now in progress.
So I'll assume that you meant to type \cr instead.


Underfull \hbox (badness 10000) in paragraph at lines 16--17
[]|\OT1/cmtt/m/n/9 fig:A-task0-pvd-analysis
 []


Underfull \hbox (badness 10000) in paragraph at lines 17--18
[]|\OT1/cmtt/m/n/9 fig:A-misc-07-windows-2003-ntlm-hash-file
 []

! Extra alignment tab has been changed to \cr.
<template> ...egin \relax \d@llarend \endtemplate 
                                                  
l.18 08\_windows\_7\_ntlm\_hash\_file.png &
                                            \texttt{fig:A-misc-08-windows-7-...
You have given more \span or & marks than there were
in the preamble to the \halign or \valign now in progress.
So I'll assume that you meant to type \cr instead.


Overfull \hbox (8.83139pt too wide) in paragraph at lines 18--19
[]|\OT1/cmtt/m/n/9 fig:A-misc-08-windows-7-ntlm-hash-file
 []


Overfull \hbox (2.25507pt too wide) in paragraph at lines 18--19
\OT1/cmr/m/n/9 09[]ophcrack[]cracked[]passwords[]results.png| 
 []


Underfull \hbox (badness 10000) in paragraph at lines 19--20
[]|\OT1/cmtt/m/n/9 fig:A-task3-win2003-ophcrack
 []

! Extra alignment tab has been changed to \cr.
<template> ...egin \relax \d@llarend \endtemplate 
                                                  
l.20 ...john\_pot\_file\_nt\_hash\_passwords.png &
                                                   \texttt{fig:A-misc-10-joh...
You have given more \span or & marks than there were
in the preamble to the \halign or \valign now in progress.
So I'll assume that you meant to type \cr instead.


Overfull \hbox (41.906pt too wide) in paragraph at lines 20--21
[]|\OT1/cmtt/m/n/9 fig:A-misc-10-john-pot-file-nt-hash-passwords
 []


Underfull \hbox (badness 10000) in paragraph at lines 21--22
[]|\OT1/cmtt/m/n/9 fig:A-misc-11-john-smith-hash-qazwsx-cracked
 []

! Extra alignment tab has been changed to \cr.
<template> ...egin \relax \d@llarend \endtemplate 
                                                  
l.22 ..._show\_smith\_password\_confirmation.png &
                                                   \texttt{fig:A-misc-12-joh...
You have given more \span or & marks than there were
in the preamble to the \halign or \valign now in progress.
So I'll assume that you meant to type \cr instead.


Overfull \hbox (70.25568pt too wide) in paragraph at lines 22--23
[]|\OT1/cmtt/m/n/9 fig:A-misc-12-john-show-smith-password-confirmation
 []


Overfull \hbox (16.40373pt too wide) in paragraph at lines 22--23
\OT1/cmr/m/n/9 13[]morpheus[]hash[]cross[]platform[]analysis.png| 
 []


Overfull \hbox (64.09076pt too wide) in paragraph at lines 23--24
[]|\OT1/cmtt/m/n/9 fig:A-task5-comparison  \OT1/cmr/m/n/9 14[]john[]windows7[]a
ll[]passwords[]cracking.png| 
 []

! Extra alignment tab has been changed to \cr.
<template> ...egin \relax \d@llarend \endtemplate 
                                                  
l.24 ...\_windows7\_all\_passwords\_cracking.png &
                                                   \texttt{fig:A-misc-14-joh...
You have given more \span or & marks than there were
in the preamble to the \halign or \valign now in progress.
So I'll assume that you meant to type \cr instead.


Overfull \hbox (65.53073pt too wide) in paragraph at lines 24--25
[]|\OT1/cmtt/m/n/9 fig:A-misc-14-john-windows7-all-passwords-cracking
 []


Overfull \hbox (48.3946pt too wide) in paragraph at lines 24--25
\OT1/cmr/m/n/9 15[]john[]windows7[]complete[]10[]passwords[]cracked.png| 
 []


Underfull \hbox (badness 10000) in paragraph at lines 25--26
[]|\OT1/cmtt/m/n/9 fig:A-task2-win7-results
 []

! Extra alignment tab has been changed to \cr.
<template> ...egin \relax \d@llarend \endtemplate 
                                                  
l.26 ...m\_info\_kali\_linux\_apple\_silicon.png &
                                                   \texttt{fig:A-misc-16-sys...
You have given more \span or & marks than there were
in the preamble to the \halign or \valign now in progress.
So I'll assume that you meant to type \cr instead.


Overfull \hbox (65.53073pt too wide) in paragraph at lines 26--27
[]|\OT1/cmtt/m/n/9 fig:A-misc-16-system-info-kali-linux-apple-silicon
 []


Overfull \hbox (8.6746pt too wide) in paragraph at lines 26--27
\OT1/cmr/m/n/9 17[]john[]linux[]sha512[]matrix123[]cracked.png| 
 []


Overfull \hbox (37.77966pt too wide) in paragraph at lines 27--28
[]|\OT1/cmtt/m/n/9 fig:A-task4-linux-john  \OT1/cmr/m/n/9 18[]network[]connecti
vity[]ping[]tests.png| 
 []

! Extra alignment tab has been changed to \cr.
<template> ...egin \relax \d@llarend \endtemplate 
                                                  
l.28 18\_network\_connectivity\_ping\_tests.png &
                                                  \texttt{fig:A-misc-18-netw...
You have given more \span or & marks than there were
in the preamble to the \halign or \valign now in progress.
So I'll assume that you meant to type \cr instead.


Overfull \hbox (41.906pt too wide) in paragraph at lines 28--29
[]|\OT1/cmtt/m/n/9 fig:A-misc-18-network-connectivity-ping-tests
 []


Overfull \hbox (23.14601pt too wide) in paragraph at lines 28--29
\OT1/cmr/m/n/9 19[]ophcrack[]rainbow[]table[]results[]complete.png| 
 []


Overfull \hbox (22.80005pt too wide) in paragraph at lines 29--30
[]|\OT1/cmtt/m/n/9 fig:A-misc-19-ophcrack-rainbow-table-results-complete
 []

! Extra alignment tab has been changed to \cr.
<template> ...egin \relax \d@llarend \endtemplate 
                                                  
l.30 ...sic\_auth\_sotalait\_password\_found.png &
                                                   \texttt{fig:A-web-basic-r...
You have given more \span or & marks than there were
in the preamble to the \halign or \valign now in progress.
So I'll assume that you meant to type \cr instead.


Underfull \hbox (badness 10000) in paragraph at lines 30--31
[]|\OT1/cmtt/m/n/9 fig:A-web-basic-results
 []


Overfull \hbox (26.79475pt too wide) in paragraph at lines 30--31
\OT1/cmr/m/n/9 21[]hydra[]html[]form[]tripsine[]password[]found.png| 
 []


Overfull \hbox (77.95885pt too wide) in paragraph at lines 31--32
[]|\OT1/cmtt/m/n/9 fig:A-web-html-results  \OT1/cmr/m/n/9 22[]hydra[]digest[]au
th[]hakkis[]password[]found.png| 
 []

! Extra alignment tab has been changed to \cr.
<template> ...egin \relax \d@llarend \endtemplate 
                                                  
l.32 ...igest\_auth\_hakkis\_password\_found.png &
                                                   \texttt{fig:A-web-digest-...
You have given more \span or & marks than there were
in the preamble to the \halign or \valign now in progress.
So I'll assume that you meant to type \cr instead.

! Misplaced \noalign.
\bottomrule ->\noalign 
                       {\ifnum 0=`}\fi \@aboverulesep =\aboverulesep \global...
l.33 \bottomrule
                
I expect to see \noalign only after the \cr of
an alignment. Proceed, and I'll ignore this case.

! Misplaced \omit.
\multispan ->\omit 
                   \@multispan 
l.34 \end
         {longtable}
I expect to see \omit only after tab marks or the \cr of
an alignment. Proceed, and I'll ignore this case.

) (./appendix/figures_autogen.tex
<appendix/figures//01_john_ripper_cracked_passwords_summary.png, id=501, 582.17
5pt x 202.7575pt>
File: appendix/figures//01_john_ripper_cracked_passwords_summary.png Graphic fi
le (type png)
<use appendix/figures//01_john_ripper_cracked_passwords_summary.png>
Package pdftex.def Info: appendix/figures//01_john_ripper_cracked_passwords_sum
mary.png  used on input line 6.
(pdftex.def)             Requested size: 461.80257pt x 160.83875pt.
<appendix/figures//02_hydra_http_brute_force_attack_in_progress.png, id=503, 73
7.75626pt x 1008.76875pt>
File: appendix/figures//02_hydra_http_brute_force_attack_in_progress.png Graphi
c file (type png)
<use appendix/figures//02_hydra_http_brute_force_attack_in_progress.png>
Package pdftex.def Info: appendix/figures//02_hydra_http_brute_force_attack_in_
progress.png  used on input line 13.
(pdftex.def)             Requested size: 461.80257pt x 631.43327pt.
 [14

 <./appendix/figures//01_john_ripper_cracked_passwords_summary.png>]
<appendix/figures//03_curl_http_auth_testing_success_failure.png, id=510, 661.4
7125pt x 345.29pt>
File: appendix/figures//03_curl_http_auth_testing_success_failure.png Graphic f
ile (type png)
<use appendix/figures//03_curl_http_auth_testing_success_failure.png>
Package pdftex.def Info: appendix/figures//03_curl_http_auth_testing_success_fa
ilure.png  used on input line 20.
(pdftex.def)             Requested size: 461.80257pt x 241.05855pt.
 [15 <./appendix/figures//02_hydra_http_brute_force_attack_in_progress.png>]
<appendix/figures//04_hydra_successful_password_iloveyou_found.png, id=517, 865
.2325pt x 326.21875pt>
File: appendix/figures//04_hydra_successful_password_iloveyou_found.png Graphic
 file (type png)
<use appendix/figures//04_hydra_successful_password_iloveyou_found.png>
Package pdftex.def Info: appendix/figures//04_hydra_successful_password_iloveyo
u_found.png  used on input line 27.
(pdftex.def)             Requested size: 461.80257pt x 174.11464pt.
<appendix/figures//05_john_ripper_smith_phase2c_session_log.png, id=518, 878.28
125pt x 684.5575pt>
File: appendix/figures//05_john_ripper_smith_phase2c_session_log.png Graphic fi
le (type png)
<use appendix/figures//05_john_ripper_smith_phase2c_session_log.png>
Package pdftex.def Info: appendix/figures//05_john_ripper_smith_phase2c_session
_log.png  used on input line 34.
(pdftex.def)             Requested size: 461.80257pt x 359.95168pt.
 [16 <./appendix/figures//03_curl_http_auth_testing_success_failure.png> <./app
endix/figures//04_hydra_successful_password_iloveyou_found.png>]
<appendix/figures//06_linux_passwd_file_contents.png, id=527, 878.28125pt x 921
.4425pt>
File: appendix/figures//06_linux_passwd_file_contents.png Graphic file (type pn
g)
<use appendix/figures//06_linux_passwd_file_contents.png>
Package pdftex.def Info: appendix/figures//06_linux_passwd_file_contents.png  u
sed on input line 41.
(pdftex.def)             Requested size: 461.80257pt x 484.50975pt.
 [17 <./appendix/figures//05_john_ripper_smith_phase2c_session_log.png>]
<appendix/figures//07_windows_2003_ntlm_hash_file.png, id=535, 861.2175pt x 333
.245pt>
File: appendix/figures//07_windows_2003_ntlm_hash_file.png Graphic file (type p
ng)
<use appendix/figures//07_windows_2003_ntlm_hash_file.png>
Package pdftex.def Info: appendix/figures//07_windows_2003_ntlm_hash_file.png  
used on input line 48.
(pdftex.def)             Requested size: 461.80257pt x 178.69363pt.
 [18 <./appendix/figures//06_linux_passwd_file_contents.png>]
<appendix/figures//08_windows_7_ntlm_hash_file.png, id=541, 866.23625pt x 260.9
75pt>
File: appendix/figures//08_windows_7_ntlm_hash_file.png Graphic file (type png)

<use appendix/figures//08_windows_7_ntlm_hash_file.png>
Package pdftex.def Info: appendix/figures//08_windows_7_ntlm_hash_file.png  use
d on input line 55.
(pdftex.def)             Requested size: 461.80257pt x 139.12845pt.
<appendix/figures//09_ophcrack_cracked_passwords_results.png, id=542, 874.26625
pt x 421.575pt>
File: appendix/figures//09_ophcrack_cracked_passwords_results.png Graphic file 
(type png)
<use appendix/figures//09_ophcrack_cracked_passwords_results.png>
Package pdftex.def Info: appendix/figures//09_ophcrack_cracked_passwords_result
s.png  used on input line 62.
(pdftex.def)             Requested size: 461.80257pt x 222.68105pt.
<appendix/figures//10_john_pot_file_nt_hash_passwords.png, id=543, 596.2275pt x
 203.76125pt>
File: appendix/figures//10_john_pot_file_nt_hash_passwords.png Graphic file (ty
pe png)
<use appendix/figures//10_john_pot_file_nt_hash_passwords.png>
Package pdftex.def Info: appendix/figures//10_john_pot_file_nt_hash_passwords.p
ng  used on input line 69.
(pdftex.def)             Requested size: 461.80257pt x 157.82317pt.
 [19 <./appendix/figures//07_windows_2003_ntlm_hash_file.png> <./appendix/figur
es//08_windows_7_ntlm_hash_file.png> <./appendix/figures//09_ophcrack_cracked_p
asswords_results.png>]
<appendix/figures//11_john_smith_hash_qaZwsX_cracked.png, id=554, 455.7025pt x 
205.76875pt>
File: appendix/figures//11_john_smith_hash_qaZwsX_cracked.png Graphic file (typ
e png)
<use appendix/figures//11_john_smith_hash_qaZwsX_cracked.png>
Package pdftex.def Info: appendix/figures//11_john_smith_hash_qaZwsX_cracked.pn
g  used on input line 76.
(pdftex.def)             Requested size: 461.80257pt x 208.52809pt.
<appendix/figures//12_john_show_smith_password_confirmation.png, id=555, 865.23
25pt x 223.83624pt>
File: appendix/figures//12_john_show_smith_password_confirmation.png Graphic fi
le (type png)
<use appendix/figures//12_john_show_smith_password_confirmation.png>
Package pdftex.def Info: appendix/figures//12_john_show_smith_password_confirma
tion.png  used on input line 83.
(pdftex.def)             Requested size: 461.80257pt x 119.46942pt.
<appendix/figures//13_morpheus_hash_cross_platform_analysis.png, id=556, 868.24
374pt x 330.23375pt>
File: appendix/figures//13_morpheus_hash_cross_platform_analysis.png Graphic fi
le (type png)
<use appendix/figures//13_morpheus_hash_cross_platform_analysis.png>
Package pdftex.def Info: appendix/figures//13_morpheus_hash_cross_platform_anal
ysis.png  used on input line 90.
(pdftex.def)             Requested size: 461.80257pt x 175.64787pt.
 [20 <./appendix/figures//10_john_pot_file_nt_hash_passwords.png> <./appendix/f
igures//11_john_smith_hash_qaZwsX_cracked.png> <./appendix/figures//12_john_sho
w_smith_password_confirmation.png>]
<appendix/figures//14_john_windows7_all_passwords_cracking.png, id=567, 863.225
pt x 235.88126pt>
File: appendix/figures//14_john_windows7_all_passwords_cracking.png Graphic fil
e (type png)
<use appendix/figures//14_john_windows7_all_passwords_cracking.png>
Package pdftex.def Info: appendix/figures//14_john_windows7_all_passwords_crack
ing.png  used on input line 97.
(pdftex.def)             Requested size: 461.80257pt x 126.18982pt.
<appendix/figures//15_john_windows7_complete_10_passwords_cracked.png, id=568, 
872.25874pt x 768.8725pt>
File: appendix/figures//15_john_windows7_complete_10_passwords_cracked.png Grap
hic file (type png)
<use appendix/figures//15_john_windows7_complete_10_passwords_cracked.png>
Package pdftex.def Info: appendix/figures//15_john_windows7_complete_10_passwor
ds_cracked.png  used on input line 104.
(pdftex.def)             Requested size: 461.80257pt x 407.06639pt.
 [21 <./appendix/figures//13_morpheus_hash_cross_platform_analysis.png> <./appe
ndix/figures//14_john_windows7_all_passwords_cracking.png>]
<appendix/figures//16_system_info_kali_linux_apple_silicon.png, id=576, 874.266
25pt x 572.1375pt>
File: appendix/figures//16_system_info_kali_linux_apple_silicon.png Graphic fil
e (type png)
<use appendix/figures//16_system_info_kali_linux_apple_silicon.png>
Package pdftex.def Info: appendix/figures//16_system_info_kali_linux_apple_sili
con.png  used on input line 111.
(pdftex.def)             Requested size: 461.80257pt x 302.21pt.
 [22 <./appendix/figures//15_john_windows7_complete_10_passwords_cracked.png>]
<appendix/figures//17_john_linux_sha512_matrix123_cracked.png, id=582, 871.255p
t x 203.76125pt>
File: appendix/figures//17_john_linux_sha512_matrix123_cracked.png Graphic file
 (type png)
<use appendix/figures//17_john_linux_sha512_matrix123_cracked.png>
Package pdftex.def Info: appendix/figures//17_john_linux_sha512_matrix123_crack
ed.png  used on input line 118.
(pdftex.def)             Requested size: 461.80257pt x 108.00226pt.
<appendix/figures//18_network_connectivity_ping_tests.png, id=583, 733.74126pt 
x 980.66376pt>
File: appendix/figures//18_network_connectivity_ping_tests.png Graphic file (ty
pe png)
<use appendix/figures//18_network_connectivity_ping_tests.png>
Package pdftex.def Info: appendix/figures//18_network_connectivity_ping_tests.p
ng  used on input line 125.
(pdftex.def)             Requested size: 461.80257pt x 617.22289pt.
 [23 <./appendix/figures//16_system_info_kali_linux_apple_silicon.png> <./appen
dix/figures//17_john_linux_sha512_matrix123_cracked.png>]
<appendix/figures//19_ophcrack_rainbow_table_results_complete.png, id=591, 868.
24374pt x 418.56375pt>
File: appendix/figures//19_ophcrack_rainbow_table_results_complete.png Graphic 
file (type png)
<use appendix/figures//19_ophcrack_rainbow_table_results_complete.png>
Package pdftex.def Info: appendix/figures//19_ophcrack_rainbow_table_results_co
mplete.png  used on input line 132.
(pdftex.def)             Requested size: 461.80257pt x 222.62968pt.

[24 <./appendix/figures//18_network_connectivity_ping_tests.png>]
<appendix/figures//20_hydra_http_basic_auth_sotalait_password_found.png, id=598
, 871.255pt x 955.57pt>
File: appendix/figures//20_hydra_http_basic_auth_sotalait_password_found.png Gr
aphic file (type png)
<use appendix/figures//20_hydra_http_basic_auth_sotalait_password_found.png>
Package pdftex.def Info: appendix/figures//20_hydra_http_basic_auth_sotalait_pa
ssword_found.png  used on input line 139.
(pdftex.def)             Requested size: 461.80257pt x 506.49344pt.
 [25 <./appendix/figures//19_ophcrack_rainbow_table_results_complete.png>]
<appendix/figures//21_hydra_html_form_tripsine_password_found.png, id=606, 876.
27374pt x 661.47125pt>
File: appendix/figures//21_hydra_html_form_tripsine_password_found.png Graphic 
file (type png)
<use appendix/figures//21_hydra_html_form_tripsine_password_found.png>
Package pdftex.def Info: appendix/figures//21_hydra_html_form_tripsine_password
_found.png  used on input line 146.
(pdftex.def)             Requested size: 461.80257pt x 348.59982pt.
 [26 <./appendix/figures//20_hydra_http_basic_auth_sotalait_password_found.png>
]
<appendix/figures//22_hydra_digest_auth_hakkis_password_found.png, id=612, 877.
2775pt x 342.27875pt>
File: appendix/figures//22_hydra_digest_auth_hakkis_password_found.png Graphic 
file (type png)
<use appendix/figures//22_hydra_digest_auth_hakkis_password_found.png>
Package pdftex.def Info: appendix/figures//22_hydra_digest_auth_hakkis_password
_found.png  used on input line 153.
(pdftex.def)             Requested size: 461.80257pt x 180.17952pt.
) [27 <./appendix/figures//21_hydra_html_form_tripsine_password_found.png> <./a
ppendix/figures//22_hydra_digest_auth_hakkis_password_found.png>]

LaTeX Warning: Empty bibliography on input line 63.

(./project3_report.aux)
Package rerunfilecheck Info: File `project3_report.out' has not changed.
(rerunfilecheck)             Checksum: 7BBD9811ACD224B87E71E583C292E788;14158.
Package logreq Info: Writing requests to 'project3_report.run.xml'.
\openout1 = `project3_report.run.xml'.

 )
(\end occurred inside a group at level 1)

### simple group (level 1) entered at line 28 ({)
### bottom level 
Here is how much of TeX's memory you used:
 22564 strings out of 478994
 407294 string characters out of 5858184
 1302610 words of memory out of 5000000
 39536 multiletter control sequences out of 15000+600000
 410110 words of font info for 50 fonts, out of 8000000 for 9000
 1141 hyphenation exceptions out of 8191
 86i,12n,92p,1149b,4825s stack positions out of 5000i,500n,10000p,200000b,80000s
{/usr/local/texlive/2021/texmf-dist/fonts/enc/dvips/cm-super/cm
-super-ts1.enc}</usr/local/texlive/2021/texmf-dist/fonts/type1/public/amsfonts/
cm/cmbx10.pfb></usr/local/texlive/2021/texmf-dist/fonts/type1/public/amsfonts/c
m/cmbx12.pfb></usr/local/texlive/2021/texmf-dist/fonts/type1/public/amsfonts/cm
/cmbx9.pfb></usr/local/texlive/2021/texmf-dist/fonts/type1/public/amsfonts/cm/c
mr10.pfb></usr/local/texlive/2021/texmf-dist/fonts/type1/public/amsfonts/cm/cmr
12.pfb></usr/local/texlive/2021/texmf-dist/fonts/type1/public/amsfonts/cm/cmr17
.pfb></usr/local/texlive/2021/texmf-dist/fonts/type1/public/amsfonts/cm/cmr9.pf
b></usr/local/texlive/2021/texmf-dist/fonts/type1/public/amsfonts/cm/cmsy10.pfb
></usr/local/texlive/2021/texmf-dist/fonts/type1/public/amsfonts/cm/cmti10.pfb>
</usr/local/texlive/2021/texmf-dist/fonts/type1/public/amsfonts/cm/cmtt10.pfb><
/usr/local/texlive/2021/texmf-dist/fonts/type1/public/amsfonts/cm/cmtt8.pfb></u
sr/local/texlive/2021/texmf-dist/fonts/type1/public/amsfonts/cm/cmtt9.pfb></usr
/local/texlive/2021/texmf-dist/fonts/type1/public/cm-super/sfrm0900.pfb></usr/l
ocal/texlive/2021/texmf-dist/fonts/type1/public/cm-super/sfrm1000.pfb></usr/loc
al/texlive/2021/texmf-dist/fonts/type1/public/cm-super/sftt0900.pfb>
Output written on project3_report.pdf (27 pages, 11770579 bytes).
PDF statistics:
 706 PDF objects out of 1000 (max. 8388607)
 611 compressed objects within 7 object streams
 164 named destinations out of 1000 (max. 500000)
 687 words of extra memory for PDF output out of 10000 (max. 10000000)

