0:00:00:00 Starting a new session
0:00:00:00 Loaded a total of 8 password hashes with 8 different salts
0:00:00:00 Sorting salts, for deterministic salt-resume
0:00:00:00 Remaining 7 password hashes with 7 different salts
0:00:00:00 Cost 1 (iteration count) is 5000 for all loaded hashes
0:00:00:00 Command line: john --format=sha512crypt /mnt/hgfs/cs660-p3-shared/2025Fall-PVDlinux.txt --wordlist=/tmp/enhanced_linux_wordlist.txt --rules=best64 --max-run-time=600 --session=linux_rules_attack 
0:00:00:00 - UTF-8 input encoding enabled
0:00:00:00 - Passwords will be stored UTF-8 encoded in .pot file
0:00:00:00 Autotune found best speed at OMP scale of 1
0:00:00:00 - Hash type: sha512crypt, crypt(3) $6$ (min-len 0, max-len 26 [worst case UTF-8] to 79 [ASCII])
0:00:00:00 - Algorithm: SHA512 128/128 ASIMD 2x
0:00:00:00 - Will reject candidates longer than 79 bytes
0:00:00:00 - Candidate passwords will be buffered and tried in chunks of 16384
0:00:00:00 Proceeding with wordlist mode
0:00:00:00 - Rules: best64
0:00:00:00 - Wordlist file: /tmp/enhanced_linux_wordlist.txt
0:00:00:00 - memory mapping wordlist (407 bytes)
0:00:00:00 - loading wordfile /tmp/enhanced_linux_wordlist.txt into memory (407 bytes, max_size=2147483648)
0:00:00:00 - wordfile had 52 lines and required 416 bytes for index.
0:00:00:00 - 79 preprocessed word mangling rules
0:00:00:00 - No stacked rules
0:00:00:00 - Rule #2: ':' accepted as ''
0:00:00:00 - Rule #3: 'r Q' accepted as 'rQ'
0:00:00:00 - Rule #4: 'u Q' accepted as 'uQ'
0:00:00:00 - Rule #5: 'T0 Q' accepted as 'T0Q'
0:00:00:00 - Rule #6: '<* $0' accepted as '<*$0'
0:00:00:00 - Rule #7: '<* $1' accepted as '<*$1'
0:00:00:00 - Rule #8: '<* $2' accepted as '<*$2'
0:00:00:00 - Rule #9: '<* $3' accepted as '<*$3'
0:00:00:00 - Rule #10: '<* $4' accepted as '<*$4'
0:00:00:00 - Rule #11: '<* $5' accepted as '<*$5'
0:00:00:00 - Rule #12: '<* $6' accepted as '<*$6'
0:00:00:00 - Rule #13: '<* $7' accepted as '<*$7'
0:00:00:00 - Rule #14: '<* $8' accepted as '<*$8'
0:00:00:00 - Rule #15: '<* $9' accepted as '<*$9'
0:00:00:00 - Rule #16: '<- $0 $0' accepted as '<-$0$0'
0:00:00:00 - Rule #17: '<- $0 $1' accepted as '<-$0$1'
0:00:00:00 - Rule #18: '<- $0 $2' accepted as '<-$0$2'
0:00:00:00 - Rule #19: '<- $1 $1' accepted as '<-$1$1'
0:00:00:00 - Rule #20: '<- $1 $2' accepted as '<-$1$2'
0:00:00:00 - Rule #21: '<- $1 $3' accepted as '<-$1$3'
0:00:00:00 - Rule #22: '<- $2 $1' accepted as '<-$2$1'
0:00:00:00 - Rule #23: '<- $2 $2' accepted as '<-$2$2'
0:00:00:00 - Rule #24: '<- $2 $3' accepted as '<-$2$3'
0:00:00:00 - Rule #25: '<- $6 $9' accepted as '<-$6$9'
0:00:00:00 - Rule #26: '<- $7 $7' accepted as '<-$7$7'
0:00:00:00 - Rule #27: '<- $8 $8' accepted as '<-$8$8'
0:00:00:00 - Rule #28: '<- $9 $9' accepted as '<-$9$9'
0:00:00:00 - Rule #29: '$1 <- $2 $3' accepted as '$1<-$2$3'
0:00:00:00 - Rule #30: '<* $e' accepted as '<*$e'
0:00:00:00 - Rule #31: '<* $s' accepted as '<*$s'
0:00:00:00 - Rule #32: 'oma Q' accepted as 'omaQ'
0:00:00:00 - Rule #33: '] ] $s' accepted as ']]$s'
0:00:00:00 - Rule #34: '] ] $a' accepted as ']]$a'
0:00:00:00 - Rule #35: '] ] $e $r Q' accepted as ']]$e$rQ'
0:00:00:00 - Rule #36: '] ] $i $e Q' accepted as ']]$i$eQ'
0:00:00:00 - Rule #37: '] ] ] $o' accepted as ']]]$o'
0:00:00:00 - Rule #38: '] ] ] $y' accepted as ']]]$y'
0:00:00:00 - Rule #39: '] ] ] $1 $2 $3 Q' accepted as ']]]$1$2$3Q'
0:00:00:00 - Rule #40: '] ] ] $m $a $n Q' accepted as ']]]$m$a$nQ'
0:00:00:00 - Rule #41: '] ] ] $d $o $g Q' accepted as ']]]$d$o$gQ'
0:00:00:00 - Rule #42: '^1' accepted
0:00:00:00 - Rule #43: '^e ^h ^t' accepted as '^e^h^t'
0:00:00:00 - Rule #44: 'o0d Q' accepted as 'o0dQ'
0:00:00:00 - Rule #45: 'o0m o1a Q' accepted as 'o0mo1aQ'
0:00:00:00 - Rule #46: 'so0 Q' accepted as 'so0Q'
0:00:00:00 - Rule #47: 'si1 Q' accepted as 'si1Q'
0:00:00:00 - Rule #48: 'se3 Q' accepted as 'se3Q'
0:00:00:00 - Rule #49: '>3 D2' accepted as '>3D2'
0:00:00:00 - Rule #50: '>5 O22' accepted as '>5O22'
0:00:00:00 - Rule #51: '>4 D3' accepted as '>4D3'
0:00:00:00 - Rule #52: '>5 D4' accepted as '>5D4'
0:00:00:00 - Rule #53: '>5 '5 D3' accepted as '>5'5D3'
0:00:00:00 - Rule #54: '>5 '5 $1' accepted as '>5'5$1'
0:00:00:00 - Rule #55: '>1 ]' accepted as '>1]'
0:00:00:00 - Rule #56: '>2 ] ]' accepted as '>2]]'
0:00:00:00 - Rule #57: '>3 ] ] ]' accepted as '>3]]]'
0:00:00:00 - Rule #58: '>3 ] ] ] d' accepted as '>3]]]d'
0:00:00:00 - Rule #59: '>3 ] ] D1 ]' accepted as '>3]]D1]'
0:00:00:00 - Rule #60: '>1 +5 ] } } } } '4' accepted as '>1+5]}}}}'4'
0:00:00:00 - Rule #61: '>2 O02 { { { { { {' accepted as '>2O02{{{{{{'
0:00:00:00 - Rule #62: '>3 } ] ] {' accepted as '>3}]]{'
0:00:00:00 - Rule #63: '} } -0 O12' accepted as '}}-0O12'
0:00:00:00 - Rule #64: '>3 } } }' accepted as '>3}}}'
0:00:00:00 - Rule #65: '>2 } } } } '4' accepted as '>2}}}}'4'
0:00:00:00 - Rule #66: '>1 } } } } } '5' accepted as '>1}}}}}'5'
0:00:00:00 - Rule #67: '} } } } } } Y4 '4 d' accepted as '}}}}}}Y4'4d'
0:00:00:00 - Rule #68: '*04 +0 '4' accepted as '*04+0'4'
0:00:00:00 - Rule #69: '*05 O03 d '3 d' accepted as '*05O03d'3d'
0:00:00:00 - Rule #70: '+0 +0 +0 +0 +0 +0 +0 +0' accepted as '+0+0+0+0+0+0+0+0'
0:00:00:00 - Rule #71: '+0 +0 +0 O12' accepted as '+0+0+0O12'
0:00:00:00 - Rule #72: 'Z4 '8 O42' accepted as 'Z4'8O42'
0:00:00:00 - Rule #73: 'Z5 '6 O31 ] d' accepted as 'Z5'6O31]d'
0:00:00:00 - Rule #74: 'Z5 *75 '5 { O02' accepted as 'Z5*75'5{O02'
0:00:00:00 - Rule #75: 'd O28 Y4 '4 d' accepted as 'dO28Y4'4d'
0:00:00:00 - Rule #76: 'f *A5 '8 O14' accepted as 'f*A5'8O14'
0:00:00:00 - Rule #77: 'p2 '7 d O58' accepted as 'p2'7dO58'
0:00:00:00 - Rule #78: 'O14 d p2 '6' accepted as 'O14dp2'6'
0:00:00:05 + Cracked Neo
0:00:00:07 + Cracked Morpheus
0:00:00:07 Session completed
