0:00:00:00 Starting a new session
0:00:00:00 Loaded a total of 1 password hash
0:00:00:00 Command line: john --format=NT /mnt/hgsf/cs660-p3-shared/smith_hash.txt --wordlist=/usr/share/wordlists/rockyou.txt --rules=single --max-run-time=480 --session=smith_phase2c 
0:00:00:00 - UTF-8 input encoding enabled
0:00:00:00 - Passwords will be stored UTF-8 encoded in .pot file
0:00:00:00 Autotune found best speed at MKPC of 1024 (128 * 8)
0:00:00:00 - Hash type: NT (min-len 0, max-len 27)
0:00:00:00 - Algorithm: MD4 128/128 ASIMD 4x2
0:00:00:00 - Configured to use otherwise idle processor cycles only
0:00:00:00 - Will reject candidates longer than 81 bytes
0:00:00:00 - Candidate passwords will be buffered and tried in chunks of 8192
0:00:00:00 Proceeding with wordlist mode
0:00:00:00 - Rules: single
0:00:00:00 - Wordlist file: /usr/share/wordlists/rockyou.txt
0:00:00:00 - memory mapping wordlist (139921507 bytes)
0:00:00:00 - loading wordfile /usr/share/wordlists/rockyou.txt into memory (139921507 bytes, max_size=2147483648)
0:00:00:00 - wordfile had 14344392 lines and required 114755136 bytes for index.
0:00:00:00 - 1140 preprocessed word mangling rules
0:00:00:00 - No stacked rules
0:00:00:00 - Rule #1: ':' accepted as ''
0:00:00:01 - Rule #2: '-s x**' rejected
0:00:00:01 - Rule #3: '-c (?a c Q' accepted as '(?acQ'
0:00:00:02 - Rule #4: '-c l Q' accepted as 'lQ'
0:00:00:02 - Rule #5: '-s-c x** /?u l' rejected
0:00:00:02 - Rule #6: '-<6 >6 '6' accepted as '>6'6'
0:00:00:03 - Rule #7: '-<7 >7 '7 l' accepted as '>7'7l'
0:00:00:03 - Rule #8: '-<6 -c >6 '6 /?u l' accepted as '>6'6/?ul'
0:00:00:04 - Rule #9: '-<5 >5 '5' accepted as '>5'5'
0:00:00:04 - Rule #10: '/?d @?d >4' accepted as '/?d@?d>4'
0:00:00:05 - Rule #11: '/?d @?d M @?A >4 Q' accepted as '/?d@?dM@?A>4Q'
0:00:00:06 - Rule #12: '-c /?d @?d >4 M l Q' accepted as '/?d@?d>4MlQ'
0:00:00:06 + Cracked Smith
0:00:00:06 Session completed
